Component: Arm Compiler for Embedded 6.24 Tool: armlink [5f371500]

==============================================================================

Section Cross References

    main.o(.text.main) refers to stm32f4xx_hal.o(.text.HAL_Init) for HAL_Init
    main.o(.text.main) refers to main.o(.text.SystemClock_Config) for SystemClock_Config
    main.o(.text.main) refers to gpio.o(.text.MX_GPIO_Init) for MX_GPIO_Init
    main.o(.text.main) refers to usart.o(.text.MX_USART1_UART_Init) for MX_USART1_UART_Init
    main.o(.text.main) refers to usart.o(.text.MX_USART2_UART_Init) for MX_USART2_UART_Init
    main.o(.text.main) refers to usart.o(.text.MX_USART6_UART_Init) for MX_USART6_UART_Init
    main.o(.text.main) refers to oled.o(.text.OLED_Init) for OLED_Init
    main.o(.text.main) refers to main.o(.text.App_UpdateOled) for App_UpdateOled
    main.o(.text.main) refers to bluetooth.o(.text.Bluetooth_Init) for Bluetooth_Init
    main.o(.text.main) refers to serial.o(.text.USART6_RX_Init) for USART6_RX_Init
    main.o(.text.main) refers to lidar.o(.text.Lidar_Init) for Lidar_Init
    main.o(.text.main) refers to machine.o(.text.Machine_FeedbackRxStart) for Machine_FeedbackRxStart
    main.o(.text.main) refers to stm32f4xx_hal.o(.text.HAL_Delay) for HAL_Delay
    main.o(.text.main) refers to usart.o(.bss.huart2) for huart2
    main.o(.text.main) refers to main.o(.data.motor_work_current_command) for motor_work_current_command
    main.o(.text.main) refers to stm32f4xx_hal_uart.o(.text.HAL_UART_Transmit) for HAL_UART_Transmit
    main.o(.text.main) refers to main.o(.data.motor_zero_command) for motor_zero_command
    main.o(.text.main) refers to main.o(.data.motor_probe_current_command) for motor_probe_current_command
    main.o(.text.main) refers to stm32f4xx_hal.o(.text.HAL_GetTick) for HAL_GetTick
    main.o(.text.main) refers to lidar.o(.bss.car_angle_valid) for car_angle_valid
    main.o(.text.main) refers to main.o(.bss.motor_angle_valid) for motor_angle_valid
    main.o(.text.main) refers to main.o(.bss.lidar_data_valid) for lidar_data_valid
    main.o(.text.main) refers to main.o(.bss.lidar_angle_deg) for lidar_angle_deg
    main.o(.text.main) refers to main.o(.bss.motor_feedback_sequence) for motor_feedback_sequence
    main.o(.text.main) refers to machine.o(.text.Machine_SetTorqueEx) for Machine_SetTorqueEx
    main.o(.text.main) refers to lidar.o(.text.Lidar_Process) for Lidar_Process
    main.o(.text.main) refers to lidar.o(.bss.car_angle) for car_angle
    main.o(.text.main) refers to machine.o(.text.Machine_GetLatestFeedback) for Machine_GetLatestFeedback
    main.o(.text.main) refers to main.o(.bss.motor_angle_deg) for motor_angle_deg
    main.o(.text.main) refers to bluetooth.o(.text.Bluetooth_GetCommand) for Bluetooth_GetCommand
    main.o(.text.main) refers to machine.o(.text.Machine_SetPositionEx) for Machine_SetPositionEx
    main.o(.ARM.exidx.text.main) refers to main.o(.text.main) for [Anonymous Symbol]
    main.o(.text.SystemClock_Config) refers to rt_memclr_w.o(.text) for __aeabi_memclr4
    main.o(.text.SystemClock_Config) refers to stm32f4xx_hal_rcc.o(.text.HAL_RCC_OscConfig) for HAL_RCC_OscConfig
    main.o(.text.SystemClock_Config) refers to stm32f4xx_hal_rcc.o(.text.HAL_RCC_ClockConfig) for HAL_RCC_ClockConfig
    main.o(.ARM.exidx.text.SystemClock_Config) refers to main.o(.text.SystemClock_Config) for [Anonymous Symbol]
    main.o(.text.App_UpdateOled) refers to oled.o(.text.OLED_Clear) for OLED_Clear
    main.o(.text.App_UpdateOled) refers to main.o(.bss.motor_angle_valid) for motor_angle_valid
    main.o(.text.App_UpdateOled) refers to main.o(.bss.motor_angle_deg) for motor_angle_deg
    main.o(.text.App_UpdateOled) refers to f2d.o(x$fpl$f2d) for __aeabi_f2d
    main.o(.text.App_UpdateOled) refers to oled.o(.text.OLED_Printf) for OLED_Printf
    main.o(.text.App_UpdateOled) refers to main.o(.bss.lidar_data_valid) for lidar_data_valid
    main.o(.text.App_UpdateOled) refers to main.o(.bss.lidar_angle_deg) for lidar_angle_deg
    main.o(.text.App_UpdateOled) refers to oled.o(.text.OLED_Update) for OLED_Update
    main.o(.ARM.exidx.text.App_UpdateOled) refers to main.o(.text.App_UpdateOled) for [Anonymous Symbol]
    main.o(.ARM.exidx.text.Error_Handler) refers to main.o(.text.Error_Handler) for [Anonymous Symbol]
    gpio.o(.text.MX_GPIO_Init) refers to stm32f4xx_hal_gpio.o(.text.HAL_GPIO_WritePin) for HAL_GPIO_WritePin
    gpio.o(.text.MX_GPIO_Init) refers to stm32f4xx_hal_gpio.o(.text.HAL_GPIO_Init) for HAL_GPIO_Init
    gpio.o(.ARM.exidx.text.MX_GPIO_Init) refers to gpio.o(.text.MX_GPIO_Init) for [Anonymous Symbol]
    tim.o(.text.MX_TIM2_Init) refers to tim.o(.bss.htim2) for htim2
    tim.o(.text.MX_TIM2_Init) refers to stm32f4xx_hal_tim.o(.text.HAL_TIM_PWM_Init) for HAL_TIM_PWM_Init
    tim.o(.text.MX_TIM2_Init) refers to main.o(.text.Error_Handler) for Error_Handler
[...]
    jy901_buf                                0x20000660   Data          11  jy901.o(.bss.jy901_buf)
    [Anonymous Symbol]                       0x20000660   Section        0  jy901.o(.bss.jy901_buf)
    jy901_idx                                0x2000066b   Data           1  jy901.o(.bss.jy901_idx)
    [Anonymous Symbol]                       0x2000066b   Section        0  jy901.o(.bss.jy901_idx)
    lidar_angle_deg                          0x2000066c   Data           4  main.o(.bss.lidar_angle_deg)
    [Anonymous Symbol]                       0x2000066c   Section        0  main.o(.bss.lidar_angle_deg)
    lidar_data_valid                         0x20000670   Data           1  main.o(.bss.lidar_data_valid)
    [Anonymous Symbol]                       0x20000670   Section        0  main.o(.bss.lidar_data_valid)
    lidar_frame                              0x20000678   Data          58  lidar.o(.bss.lidar_frame)
    [Anonymous Symbol]                       0x20000678   Section        0  lidar.o(.bss.lidar_frame)
    lidar_frame_index                        0x200006b2   Data           1  lidar.o(.bss.lidar_frame_index)
    [Anonymous Symbol]                       0x200006b2   Section        0  lidar.o(.bss.lidar_frame_index)
    lidar_have_last_angle                    0x200006b3   Data           1  lidar.o(.bss.lidar_have_last_angle)
    [Anonymous Symbol]                       0x200006b3   Section        0  lidar.o(.bss.lidar_have_last_angle)
    lidar_last_angle_cdeg                    0x200006b4   Data           2  lidar.o(.bss.lidar_last_angle_cdeg)
    [Anonymous Symbol]                       0x200006b4   Section        0  lidar.o(.bss.lidar_last_angle_cdeg)
    lidar_rx_byte                            0x200006b6   Data           1  lidar.o(.bss.lidar_rx_byte)
    [Anonymous Symbol]                       0x200006b6   Section        0  lidar.o(.bss.lidar_rx_byte)
    lidar_scan                               0x200006b8   Data        3604  lidar.o(.bss.lidar_scan)
    [Anonymous Symbol]                       0x200006b8   Section        0  lidar.o(.bss.lidar_scan)
    lidar_write_buffer                       0x200014d4   Data           1  lidar.o(.bss.lidar_write_buffer)
    [Anonymous Symbol]                       0x200014d4   Section        0  lidar.o(.bss.lidar_write_buffer)
    machine_feedback_available               0x200014d5   Data           1  machine.o(.bss.machine_feedback_available)
    [Anonymous Symbol]                       0x200014d5   Section        0  machine.o(.bss.machine_feedback_available)
    machine_feedback_latest                  0x200014d8   Data           8  machine.o(.bss.machine_feedback_latest)
    [Anonymous Symbol]                       0x200014d8   Section        0  machine.o(.bss.machine_feedback_latest)
    machine_feedback_rx_byte                 0x200014e4   Data           1  machine.o(.bss.machine_feedback_rx_byte)
    [Anonymous Symbol]                       0x200014e4   Section        0  machine.o(.bss.machine_feedback_rx_byte)
    machine_feedback_rx_count                0x200014e5   Data           1  machine.o(.bss.machine_feedback_rx_count)
    [Anonymous Symbol]                       0x200014e5   Section        0  machine.o(.bss.machine_feedback_rx_count)
    machine_feedback_rx_window               0x200014e8   Data           9  machine.o(.bss.machine_feedback_rx_window)
    [Anonymous Symbol]                       0x200014e8   Section        0  machine.o(.bss.machine_feedback_rx_window)
    machine_feedback_sequence                0x200014f4   Data           4  machine.o(.bss.machine_feedback_sequence)
    [Anonymous Symbol]                       0x200014f4   Section        0  machine.o(.bss.machine_feedback_sequence)
    motor_angle_deg                          0x20001504   Data           4  main.o(.bss.motor_angle_deg)
    [Anonymous Symbol]                       0x20001504   Section        0  main.o(.bss.motor_angle_deg)
    motor_angle_valid                        0x20001508   Data           1  main.o(.bss.motor_angle_valid)
    [Anonymous Symbol]                       0x20001508   Section        0  main.o(.bss.motor_angle_valid)
    motor_feedback_sequence                  0x2000150c   Data           4  main.o(.bss.motor_feedback_sequence)
    [Anonymous Symbol]                       0x2000150c   Section        0  main.o(.bss.motor_feedback_sequence)
    Heap_Mem                                 0x20001520   Data         512  startup_stm32f405xx.o(HEAP)
    HEAP                                     0x20001520   Section      512  startup_stm32f405xx.o(HEAP)
    Stack_Mem                                0x20001720   Data        1024  startup_stm32f405xx.o(STACK)
    STACK                                    0x20001720   Section     1024  startup_stm32f405xx.o(STACK)
    __initial_sp                             0x20001b20   Data           0  startup_stm32f405xx.o(STACK)

    Global Symbols

    Symbol Name                              Value     Ov Type        Size  Object(Section)

    BuildAttributes$$THM_ISAv4$E$P$D$K$B$S$7EM$VFPi3$EXTD16$VFPS$VFMA$PE$A:L22UL41UL21$X:L11$S22US41US21$IEEE1$IW$~IW$USESV6$~STKCKD$USESV7$~SHL$OTIME$ROPI$IEEEX$EBA8$UX$STANDARDLIB$REQ8$PRES8$EABIv2 0x00000000   Number         0  anon$$obj.o ABSOLUTE
    _printf_flags                            0x00000000   Number         0  printf_stubs.o ABSOLUTE
    _printf_return_value                     0x00000000   Number         0  printf_stubs.o ABSOLUTE
    _printf_sizespec                         0x00000000   Number         0  printf_stubs.o ABSOLUTE
    _printf_widthprec                        0x00000000   Number         0  printf_stubs.o ABSOLUTE
    __ARM_exceptions_init                     - Undefined Weak Reference
    __alloca_initialize                       - Undefined Weak Reference
    __arm_preinit_                            - Undefined Weak Reference
    __arm_relocate_pie_                       - Undefined Weak Reference
    __cpp_initialize__aeabi_                  - Undefined Weak Reference
    __cxa_finalize                            - Undefined Weak Reference
    __sigvec_lookup                           - Undefined Weak Reference
    _atexit_init                              - Undefined Weak Reference
    _call_atexit_fns                          - Undefined Weak Reference
    _clock_init                               - Undefined Weak Reference
    _fp_trap_init                             - Undefined Weak Reference
    _fp_trap_shutdown                         - Undefined Weak Reference
    _get_lc_collate                           - Undefined Weak Reference
    _get_lc_monetary                          - Undefined Weak Reference
    _get_lc_time                              - Undefined Weak Reference
    _getenv_init                              - Undefined Weak Reference
    _handle_redirection                       - Undefined Weak Reference
    _init_alloc                               - Undefined Weak Reference
    _init_user_alloc                          - Undefined Weak Reference
    _initio                                   - Undefined Weak Reference
    _printf_mbtowc                            - Undefined Weak Reference
    _printf_wc                                - Undefined Weak Reference
    _rand_init                                - Undefined Weak Reference
    _signal_finish                            - Undefined Weak Reference
    _signal_init                              - Undefined Weak Reference
    _terminate_alloc                          - Undefined Weak Reference
    _terminate_user_alloc                     - Undefined Weak Reference
    _terminateio                              - Undefined Weak Reference
    __Vectors_Size                           0x00000188   Number         0  startup_stm32f405xx.o ABSOLUTE
    __Vectors                                0x08000000   Data           4  startup_stm32f405xx.o(RESET)
    __Vectors_End                            0x08000188   Data           0  startup_stm32f405xx.o(RESET)
    __main                                   0x08000189   Thumb Code     8  __main.o(!!!main)
    __scatterload                            0x08000191   Thumb Code     0  __scatter.o(!!!scatter)
    __scatterload_rt2                        0x08000191   Thumb Code    84  __scatter.o(!!!scatter)
    __scatterload_rt2_thumb_only             0x08000191   Thumb Code     0  __scatter.o(!!!scatter)
    __scatterload_loop                       0x0800019b   Thumb Code     0  __scatter.o(!!!scatter)
    __scatterload_copy                       0x080001ed   Thumb Code    26  __scatter_copy.o(!!handler_copy)
    __scatterload_null                       0x08000209   Thumb Code     2  __scatter.o(!!handler_null)
    __scatterload_zeroinit                   0x0800020d   Thumb Code    28  __scatter_zi.o(!!handler_zi)
    _printf_n                                0x08000229   Thumb Code     0  _printf_n.o(.ARM.Collect$$_printf_percent$$00000001)
    _printf_percent                          0x08000229   Thumb Code     0  _printf_percent.o(.ARM.Collect$$_printf_percent$$00000000)
    _printf_p                                0x0800022f   Thumb Code     0  _printf_p.o(.ARM.Collect$$_printf_percent$$00000002)
    _printf_f                                0x08000235   Thumb Code     0  _printf_f.o(.ARM.Collect$$_printf_percent$$00000003)
    _printf_e                                0x0800023b   Thumb Code     0  _printf_e.o(.ARM.Collect$$_printf_percent$$00000004)
    _printf_g                                0x08000241   Thumb Code     0  _printf_g.o(.ARM.Collect$$_printf_percent$$00000005)
    _printf_a                                0x08000247   Thumb Code     0  _printf_a.o(.ARM.Collect$$_printf_percent$$00000006)
    _printf_ll                               0x0800024d   Thumb Code     0  _printf_ll.o(.ARM.Collect$$_printf_percent$$00000007)
    _printf_i                                0x08000257   Thumb Code     0  _printf_i.o(.ARM.Collect$$_printf_percent$$00000008)
    _printf_d                                0x0800025d   Thumb Code     0  _printf_d.o(.ARM.Collect$$_printf_percent$$00000009)
    _printf_u                                0x08000263   Thumb Code     0  _printf_u.o(.ARM.Collect$$_printf_percent$$0000000A)
    _printf_o                                0x08000269   Thumb Code     0  _printf_o.o(.ARM.Collect$$_printf_percent$$0000000B)
    _printf_x                                0x0800026f   Thumb Code     0  _printf_x.o(.ARM.Collect$$_printf_percent$$0000000C)
    _printf_lli                              0x08000275   Thumb Code     0  _printf_lli.o(.ARM.Collect$$_printf_percent$$0000000D)
    _printf_lld                              0x0800027b   Thumb Code     0  _printf_lld.o(.ARM.Collect$$_printf_percent$$0000000E)
    _printf_llu                              0x08000281   Thumb Code     0  _printf_llu.o(.ARM.Collect$$_printf_percent$$0000000F)
    _printf_llo                              0x08000287   Thumb Code     0  _printf_llo.o(.ARM.Collect$$_printf_percent$$00000010)
    _printf_llx                              0x0800028d   Thumb Code     0  _printf_llx.o(.ARM.Collect$$_printf_percent$$00000011)
    _printf_l                                0x08000293   Thumb Code     0  _printf_l.o(.ARM.Collect$$_printf_percent$$00000012)
    _printf_c                                0x0800029d   Thumb Code     0  _printf_c.o(.ARM.Collect$$_printf_percent$$00000013)
    _printf_s                                0x080002a3   Thumb Code     0  _printf_s.o(.ARM.Collect$$_printf_percent$$00000014)
    _printf_lc                               0x080002a9   Thumb Code     0  _printf_lc.o(.ARM.Collect$$_printf_percent$$00000015)
    _printf_ls                               0x080002af   Thumb Code     0  _printf_ls.o(.ARM.Collect$$_printf_percent$$00000016)
    _printf_percent_end                      0x080002b5   Thumb Code     0  _printf_percent_end.o(.ARM.Collect$$_printf_percent$$00000017)
    __rt_lib_init                            0x080002b9   Thumb Code     0  libinit.o(.ARM.Collect$$libinit$$00000000)
    __rt_lib_init_fp_1                       0x080002bb   Thumb Code     0  libinit2.o(.ARM.Collect$$libinit$$00000001)
    __rt_lib_init_heap_1                     0x080002bf   Thumb Code     0  libinit2.o(.ARM.Collect$$libinit$$0000000C)
    __rt_lib_init_lc_common                  0x080002bf   Thumb Code     0  libinit2.o(.ARM.Collect$$libinit$$00000011)
    __rt_lib_init_preinit_1                  0x080002bf   Thumb Code     0  libinit2.o(.ARM.Collect$$libinit$$00000006)
    __rt_lib_init_rand_1                     0x080002bf   Thumb Code     0  libinit2.o(.ARM.Collect$$libinit$$00000010)
    __rt_lib_init_relocate_pie_1             0x080002bf   Thumb Code     0  libinit2.o(.ARM.Collect$$libinit$$00000004)
    __rt_lib_init_user_alloc_1               0x080002bf   Thumb Code     0  libinit2.o(.ARM.Collect$$libinit$$0000000E)
    __rt_lib_init_lc_collate_1               0x080002c5   Thumb Code     0  libinit2.o(.ARM.Collect$$libinit$$00000013)
    __rt_lib_init_lc_ctype_2                 0x080002c5   Thumb Code     0  libinit2.o(.ARM.Collect$$libinit$$00000014)
    __rt_lib_init_lc_ctype_1                 0x080002d1   Thumb Code     0  libinit2.o(.ARM.Collect$$libinit$$00000015)
    __rt_lib_init_lc_monetary_1              0x080002d1   Thumb Code     0  libinit2.o(.ARM.Collect$$libinit$$00000017)
    __rt_lib_init_lc_numeric_2               0x080002d1   Thumb Code     0  libinit2.o(.ARM.Collect$$libinit$$00000018)
    __rt_lib_init_alloca_1                   0x080002db   Thumb Code     0  libinit2.o(.ARM.Collect$$libinit$$00000030)
    __rt_lib_init_argv_1                     0x080002db   Thumb Code     0  libinit2.o(.ARM.Collect$$libinit$$0000002E)
    __rt_lib_init_atexit_1                   0x080002db   Thumb Code     0  libinit2.o(.ARM.Collect$$libinit$$0000001D)
    __rt_lib_init_clock_1                    0x080002db   Thumb Code     0  libinit2.o(.ARM.Collect$$libinit$$00000023)
    __rt_lib_init_cpp_1                      0x080002db   Thumb Code     0  libinit2.o(.ARM.Collect$$libinit$$00000034)
    __rt_lib_init_exceptions_1               0x080002db   Thumb Code     0  libinit2.o(.ARM.Collect$$libinit$$00000032)
    __rt_lib_init_fp_trap_1                  0x080002db   Thumb Code     0  libinit2.o(.ARM.Collect$$libinit$$00000021)
    __rt_lib_init_getenv_1                   0x080002db   Thumb Code     0  libinit2.o(.ARM.Collect$$libinit$$00000025)
    __rt_lib_init_lc_numeric_1               0x080002db   Thumb Code     0  libinit2.o(.ARM.Collect$$libinit$$00000019)
    __rt_lib_init_lc_time_1                  0x080002db   Thumb Code     0  libinit2.o(.ARM.Collect$$libinit$$0000001B)
    __rt_lib_init_return                     0x080002db   Thumb Code     0  libinit2.o(.ARM.Collect$$libinit$$00000035)
    __rt_lib_init_signal_1                   0x080002db   Thumb Code     0  libinit2.o(.ARM.Collect$$libinit$$0000001F)
    __rt_lib_init_stdio_1                    0x080002db   Thumb Code     0  libinit2.o(.ARM.Collect$$libinit$$00000027)
    __rt_lib_shutdown                        0x080002dd   Thumb Code     0  libshutdown.o(.ARM.Collect$$libshutdown$$00000000)
    __rt_lib_shutdown_cpp_1                  0x080002df   Thumb Code     0  libshutdown2.o(.ARM.Collect$$libshutdown$$00000002)
    __rt_lib_shutdown_fp_trap_1              0x080002df   Thumb Code     0  libshutdown2.o(.ARM.Collect$$libshutdown$$00000007)
    __rt_lib_shutdown_heap_1                 0x080002df   Thumb Code     0  libshutdown2.o(.ARM.Collect$$libshutdown$$0000000F)
    __rt_lib_shutdown_return                 0x080002df   Thumb Code     0  libshutdown2.o(.ARM.Collect$$libshutdown$$00000010)
    __rt_lib_shutdown_signal_1               0x080002df   Thumb Code     0  libshutdown2.o(.ARM.Collect$$libshutdown$$0000000A)
    __rt_lib_shutdown_stdio_1                0x080002df   Thumb Code     0  libshutdown2.o(.ARM.Collect$$libshutdown$$00000004)
    __rt_lib_shutdown_user_alloc_1           0x080002df   Thumb Code     0  libshutdown2.o(.ARM.Collect$$libshutdown$$0000000C)
    __rt_entry                               0x080002e1   Thumb Code     0  __rtentry.o(.ARM.Collect$$rtentry$$00000000)
    __rt_entry_presh_1                       0x080002e1   Thumb Code     0  __rtentry2.o(.ARM.Collect$$rtentry$$00000002)
    __rt_entry_sh                            0x080002e1   Thumb Code     0  __rtentry4.o(.ARM.Collect$$rtentry$$00000004)
    __rt_entry_li                            0x080002e7   Thumb Code     0  __rtentry2.o(.ARM.Collect$$rtentry$$0000000A)
    __rt_entry_postsh_1                      0x080002e7   Thumb Code     0  __rtentry2.o(.ARM.Collect$$rtentry$$00000009)
    __rt_entry_main                          0x080002eb   Thumb Code     0  __rtentry2.o(.ARM.Collect$$rtentry$$0000000D)
    __rt_entry_postli_1                      0x080002eb   Thumb Code     0  __rtentry2.o(.ARM.Collect$$rtentry$$0000000C)
    __rt_exit                                0x080002f3   Thumb Code     0  rtexit.o(.ARM.Collect$$rtexit$$00000000)
    __rt_exit_ls                             0x080002f5   Thumb Code     0  rtexit2.o(.ARM.Collect$$rtexit$$00000003)
    __rt_exit_prels_1                        0x080002f5   Thumb Code     0  rtexit2.o(.ARM.Collect$$rtexit$$00000002)
    __rt_exit_exit                           0x080002f9   Thumb Code     0  rtexit2.o(.ARM.Collect$$rtexit$$00000004)
    Reset_Handler                            0x08000301   Thumb Code     8  startup_stm32f405xx.o(.text)
    ADC_IRQHandler                           0x0800031b   Thumb Code     0  startup_stm32f405xx.o(.text)
    CAN1_RX0_IRQHandler                      0x0800031b   Thumb Code     0  startup_stm32f405xx.o(.text)
    CAN1_RX1_IRQHandler                      0x0800031b   Thumb Code     0  startup_stm32f405xx.o(.text)
    CAN1_SCE_IRQHandler                      0x0800031b   Thumb Code     0  startup_stm32f405xx.o(.text)
    CAN1_TX_IRQHandler                       0x0800031b   Thumb Code     0  startup_stm32f405xx.o(.text)
    CAN2_RX0_IRQHandler                      0x0800031b   Thumb Code     0  startup_stm32f405xx.o(.text)
    CAN2_RX1_IRQHandler                      0x0800031b   Thumb Code     0  startup_stm32f405xx.o(.text)
    CAN2_SCE_IRQHandler                      0x0800031b   Thumb Code     0  startup_stm32f405xx.o(.text)
    CAN2_TX_IRQHandler                       0x0800031b   Thumb Code     0  startup_stm32f405xx.o(.text)
    DMA1_Stream0_IRQHandler                  0x0800031b   Thumb Code     0  startup_stm32f405xx.o(.text)
    DMA1_Stream1_IRQHandler                  0x0800031b   Thumb Code     0  startup_stm32f405xx.o(.text)
    DMA1_Stream2_IRQHandler                  0x0800031b   Thumb Code     0  startup_stm32f405xx.o(.text)
    DMA1_Stream3_IRQHandler                  0x0800031b   Thumb Code     0  startup_stm32f405xx.o(.text)
    DMA1_Stream4_IRQHandler                  0x0800031b   Thumb Code     0  startup_stm32f405xx.o(.text)
    DMA1_Stream5_IRQHandler                  0x0800031b   Thumb Code     0  startup_stm32f405xx.o(.text)
    DMA1_Stream6_IRQHandler                  0x0800031b   Thumb Code     0  startup_stm32f405xx.o(.text)
    DMA1_Stream7_IRQHandler                  0x0800031b   Thumb Code     0  startup_stm32f405xx.o(.text)
    DMA2_Stream0_IRQHandler                  0x0800031b   Thumb Code     0  startup_stm32f405xx.o(.text)
    DMA2_Stream1_IRQHandler                  0x0800031b   Thumb Code     0  startup_stm32f405xx.o(.text)
    DMA2_Stream2_IRQHandler                  0x0800031b   Thumb Code     0  startup_stm32f405xx.o(.text)
    DMA2_Stream3_IRQHandler                  0x0800031b   Thumb Code     0  startup_stm32f405xx.o(.text)
    DMA2_Stream4_IRQHandler                  0x0800031b   Thumb Code     0  startup_stm32f405xx.o(.text)
    DMA2_Stream5_IRQHandler                  0x0800031b   Thumb Code     0  startup_stm32f405xx.o(.text)
    DMA2_Stream6_IRQHandler                  0x0800031b   Thumb Code     0  startup_stm32f405xx.o(.text)
    DMA2_Stream7_IRQHandler                  0x0800031b   Thumb Code     0  startup_stm32f405xx.o(.text)
    EXTI0_IRQHandler                         0x0800031b   Thumb Code     0  startup_stm32f405xx.o(.text)
    EXTI15_10_IRQHandler                     0x0800031b   Thumb Code     0  startup_stm32f405xx.o(.text)
    EXTI1_IRQHandler                         0x0800031b   Thumb Code     0  startup_stm32f405xx.o(.text)
    EXTI2_IRQHandler                         0x0800031b   Thumb Code     0  startup_stm32f405xx.o(.text)
    EXTI3_IRQHandler                         0x0800031b   Thumb Code     0  startup_stm32f405xx.o(.text)
    EXTI4_IRQHandler                         0x0800031b   Thumb Code     0  startup_stm32f405xx.o(.text)
    EXTI9_5_IRQHandler                       0x0800031b   Thumb Code     0  startup_stm32f405xx.o(.text)
    FLASH_IRQHandler                         0x0800031b   Thumb Code     0  startup_stm32f405xx.o(.text)
    FMC_IRQHandler                           0x0800031b   Thumb Code     0  startup_stm32f405xx.o(.text)
    FPU_IRQHandler                           0x0800031b   Thumb Code     0  startup_stm32f405xx.o(.text)
    HASH_RNG_IRQHandler                      0x0800031b   Thumb Code     0  startup_stm32f405xx.o(.text)
    I2C1_ER_IRQHandler                       0x0800031b   Thumb Code     0  startup_stm32f405xx.o(.text)
    I2C1_EV_IRQHandler                       0x0800031b   Thumb Code     0  startup_stm32f405xx.o(.text)
    I2C2_ER_IRQHandler                       0x0800031b   Thumb Code     0  startup_stm32f405xx.o(.text)
    I2C2_EV_IRQHandler                       0x0800031b   Thumb Code     0  startup_stm32f405xx.o(.text)
    I2C3_ER_IRQHandler                       0x0800031b   Thumb Code     0  startup_stm32f405xx.o(.text)
    I2C3_EV_IRQHandler                       0x0800031b   Thumb Code     0  startup_stm32f405xx.o(.text)
    OTG_FS_IRQHandler                        0x0800031b   Thumb Code     0  startup_stm32f405xx.o(.text)
    OTG_FS_WKUP_IRQHandler                   0x0800031b   Thumb Code     0  startup_stm32f405xx.o(.text)
    OTG_HS_EP1_IN_IRQHandler                 0x0800031b   Thumb Code     0  startup_stm32f405xx.o(.text)
    OTG_HS_EP1_OUT_IRQHandler                0x0800031b   Thumb Code     0  startup_stm32f405xx.o(.text)
    OTG_HS_IRQHandler                        0x0800031b   Thumb Code     0  startup_stm32f405xx.o(.text)
    OTG_HS_WKUP_IRQHandler                   0x0800031b   Thumb Code     0  startup_stm32f405xx.o(.text)
    PVD_IRQHandler                           0x0800031b   Thumb Code     0  startup_stm32f405xx.o(.text)
    RCC_IRQHandler                           0x0800031b   Thumb Code     0  startup_stm32f405xx.o(.text)
    RTC_Alarm_IRQHandler                     0x0800031b   Thumb Code     0  startup_stm32f405xx.o(.text)
    RTC_WKUP_IRQHandler                      0x0800031b   Thumb Code     0  startup_stm32f405xx.o(.text)
    SDIO_IRQHandler                          0x0800031b   Thumb Code     0  startup_stm32f405xx.o(.text)
    SPI1_IRQHandler                          0x0800031b   Thumb Code     0  startup_stm32f405xx.o(.text)
    SPI2_IRQHandler                          0x0800031b   Thumb Code     0  startup_stm32f405xx.o(.text)
    SPI3_IRQHandler                          0x0800031b   Thumb Code     0  startup_stm32f405xx.o(.text)
    TAMP_STAMP_IRQHandler                    0x0800031b   Thumb Code     0  startup_stm32f405xx.o(.text)
    TIM1_BRK_TIM9_IRQHandler                 0x0800031b   Thumb Code     0  startup_stm32f405xx.o(.text)
    TIM1_CC_IRQHandler                       0x0800031b   Thumb Code     0  startup_stm32f405xx.o(.text)
    TIM1_TRG_COM_TIM11_IRQHandler            0x0800031b   Thumb Code     0  startup_stm32f405xx.o(.text)
    TIM1_UP_TIM10_IRQHandler                 0x0800031b   Thumb Code     0  startup_stm32f405xx.o(.text)
    TIM2_IRQHandler                          0x0800031b   Thumb Code     0  startup_stm32f405xx.o(.text)
    TIM3_IRQHandler                          0x0800031b   Thumb Code     0  startup_stm32f405xx.o(.text)
    TIM4_IRQHandler                          0x0800031b   Thumb Code     0  startup_stm32f405xx.o(.text)
    TIM5_IRQHandler                          0x0800031b   Thumb Code     0  startup_stm32f405xx.o(.text)
    TIM6_DAC_IRQHandler                      0x0800031b   Thumb Code     0  startup_stm32f405xx.o(.text)
    TIM8_BRK_TIM12_IRQHandler                0x0800031b   Thumb Code     0  startup_stm32f405xx.o(.text)
    TIM8_CC_IRQHandler                       0x0800031b   Thumb Code     0  startup_stm32f405xx.o(.text)
    TIM8_TRG_COM_TIM14_IRQHandler            0x0800031b   Thumb Code     0  startup_stm32f405xx.o(.text)
    TIM8_UP_TIM13_IRQHandler                 0x0800031b   Thumb Code     0  startup_stm32f405xx.o(.text)
    UART4_IRQHandler                         0x0800031b   Thumb Code     0  startup_stm32f405xx.o(.text)
    WWDG_IRQHandler                          0x0800031b   Thumb Code     0  startup_stm32f405xx.o(.text)
    __user_initial_stackheap                 0x0800031d   Thumb Code     0  startup_stm32f405xx.o(.text)
    __aeabi_uldivmod                         0x08000341   Thumb Code     0  lludivv7m.o(.text)
    _ll_udiv                                 0x08000341   Thumb Code   240  lludivv7m.o(.text)
    vsprintf                                 0x08000431   Thumb Code    32  vsprintf.o(.text)
    __aeabi_memclr4                          0x08000455   Thumb Code     0  rt_memclr_w.o(.text)
    __aeabi_memclr8                          0x08000455   Thumb Code     0  rt_memclr_w.o(.text)
    __rt_memclr_w                            0x08000455   Thumb Code     0  rt_memclr_w.o(.text)
    _memset_w                                0x08000459   Thumb Code    74  rt_memclr_w.o(.text)
    strcmp                                   0x080004a9   Thumb Code   124  strcmpv7em.o(.text)
    __use_two_region_memory                  0x08000525   Thumb Code     2  heapauxi.o(.text)
    __rt_heap_escrow$2region                 0x08000527   Thumb Code     2  heapauxi.o(.text)
    __rt_heap_expand$2region                 0x08000529   Thumb Code     2  heapauxi.o(.text)
    _printf_pre_padding                      0x0800052b   Thumb Code    44  _printf_pad.o(.text)
    _printf_post_padding                     0x08000557   Thumb Code    34  _printf_pad.o(.text)
    _printf_truncate_signed                  0x08000579   Thumb Code    18  _printf_truncate.o(.text)
    _printf_truncate_unsigned                0x0800058b   Thumb Code    18  _printf_truncate.o(.text)
    _printf_str                              0x0800059d   Thumb Code    82  _printf_str.o(.text)
    _printf_int_dec                          0x080005f1   Thumb Code   104  _printf_dec.o(.text)
    _printf_charcount                        0x08000669   Thumb Code    40  _printf_charcount.o(.text)
    _printf_char_common                      0x0800069b   Thumb Code    32  _printf_char_common.o(.text)
    _sputc                                   0x080006c1   Thumb Code    10  _sputc.o(.text)
    _printf_wctomb                           0x080006cd   Thumb Code   182  _printf_wctomb.o(.text)
    _printf_longlong_dec                     0x08000789   Thumb Code   108  _printf_longlong_dec.o(.text)
    _printf_longlong_oct                     0x08000805   Thumb Code    68  _printf_oct_int_ll.o(.text)
    _printf_int_oct                          0x08000849   Thumb Code    24  _printf_oct_int_ll.o(.text)
    _printf_ll_oct                           0x08000861   Thumb Code    12  _printf_oct_int_ll.o(.text)
    _printf_longlong_hex                     0x08000875   Thumb Code    86  _printf_hex_int_ll_ptr.o(.text)
    _printf_int_hex                          0x080008cb   Thumb Code    28  _printf_hex_int_ll_ptr.o(.text)
    _printf_ll_hex                           0x080008e7   Thumb Code    12  _printf_hex_int_ll_ptr.o(.text)
    _printf_hex_ptr                          0x080008f3   Thumb Code    18  _printf_hex_int_ll_ptr.o(.text)
    __printf                                 0x08000909   Thumb Code   388  __printf_flags_ss_wp.o(.text)
    _ll_udiv10                               0x08000a91   Thumb Code   138  lludiv10.o(.text)
    _printf_int_common                       0x08000b1b   Thumb Code   178  _printf_intcommon.o(.text)
    _printf_fp_dec_real                      0x08000d7d   Thumb Code   620  _printf_fp_dec.o(.text)
    _printf_fp_hex_real                      0x08000fe9   Thumb Code   756  _printf_fp_hex.o(.text)
    _printf_cs_common                        0x080012e5   Thumb Code    20  _printf_char.o(.text)
    _printf_char                             0x080012f9   Thumb Code    16  _printf_char.o(.text)
    _printf_string                           0x08001309   Thumb Code     8  _printf_char.o(.text)
    _printf_lcs_common                       0x08001311   Thumb Code    20  _printf_wchar.o(.text)
    _printf_wchar                            0x08001325   Thumb Code    16  _printf_wchar.o(.text)
    _printf_wstring                          0x08001335   Thumb Code     8  _printf_wchar.o(.text)
    _c16rtomb                                0x0800133d   Thumb Code    72  _c16rtomb.o(.text)
    _wcrtomb                                 0x0800133d   Thumb Code     0  _c16rtomb.o(.text)
    __user_libspace                          0x08001385   Thumb Code     8  libspace.o(.text)
    __user_perproc_libspace                  0x08001385   Thumb Code     0  libspace.o(.text)
    __user_perthread_libspace                0x08001385   Thumb Code     0  libspace.o(.text)
    __user_setup_stackheap                   0x0800138d   Thumb Code    74  sys_stackheap_outer.o(.text)
    __rt_ctype_table                         0x080013d9   Thumb Code    16  rt_ctype_table.o(.text)
    __rt_locale                              0x080013e9   Thumb Code     8  rt_locale_intlibspace.o(.text)
    _printf_fp_infnan                        0x080013f1   Thumb Code   112  _printf_fp_infnan.o(.text)
    _btod_etento                             0x08001471   Thumb Code   224  bigflt0.o(.text)
    exit                                     0x08001555   Thumb Code    18  exit.o(.text)
    _sys_exit                                0x08001569   Thumb Code     8  sys_exit.o(.text)
    __I$use$semihosting                      0x08001575   Thumb Code     0  use_no_semi.o(.text)
    __use_no_semihosting_swi                 0x08001575   Thumb Code     2  use_no_semi.o(.text)
    __semihosting_library_function           0x08001577   Thumb Code     0  indicate_semi.o(.text)
    Bluetooth_GetCommand                     0x08001639   Thumb Code    52  bluetooth.o(.text.Bluetooth_GetCommand)
    Bluetooth_Init                           0x0800166d   Thumb Code    44  bluetooth.o(.text.Bluetooth_Init)
    Bluetooth_RxByteCallback                 0x08001699   Thumb Code   166  bluetooth.o(.text.Bluetooth_RxByteCallback)
    BusFault_Handler                         0x08001741   Thumb Code     2  stm32f4xx_it.o(.text.BusFault_Handler)
    DebugMon_Handler                         0x08001745   Thumb Code     2  stm32f4xx_it.o(.text.DebugMon_Handler)
    Delay_us                                 0x08001749   Thumb Code   102  delay.o(.text.Delay_us)
    Error_Handler                            0x080017b1   Thumb Code     6  main.o(.text.Error_Handler)
    HAL_DMA_Abort                            0x080017b9   Thumb Code   128  stm32f4xx_hal_dma.o(.text.HAL_DMA_Abort)
    HAL_DMA_Abort_IT                         0x08001839   Thumb Code    36  stm32f4xx_hal_dma.o(.text.HAL_DMA_Abort_IT)
    HAL_DMA_GetError                         0x0800185d   Thumb Code     4  stm32f4xx_hal_dma.o(.text.HAL_DMA_GetError)
    HAL_Delay                                0x08001861   Thumb Code    40  stm32f4xx_hal.o(.text.HAL_Delay)
    HAL_GPIO_Init                            0x08001889   Thumb Code   414  stm32f4xx_hal_gpio.o(.text.HAL_GPIO_Init)
    HAL_GPIO_WritePin                        0x08001a29   Thumb Code    10  stm32f4xx_hal_gpio.o(.text.HAL_GPIO_WritePin)
    HAL_GetTick                              0x08001a35   Thumb Code    12  stm32f4xx_hal.o(.text.HAL_GetTick)
    HAL_IncTick                              0x08001a41   Thumb Code    26  stm32f4xx_hal.o(.text.HAL_IncTick)
    HAL_Init                                 0x08001a5d   Thumb Code    54  stm32f4xx_hal.o(.text.HAL_Init)
    HAL_InitTick                             0x08001a95   Thumb Code    80  stm32f4xx_hal.o(.text.HAL_InitTick)
    HAL_MspInit                              0x08001ae5   Thumb Code    56  stm32f4xx_hal_msp.o(.text.HAL_MspInit)
    HAL_NVIC_EnableIRQ                       0x08001b1d   Thumb Code    34  stm32f4xx_hal_cortex.o(.text.HAL_NVIC_EnableIRQ)
    HAL_NVIC_SetPriority                     0x08001b41   Thumb Code    86  stm32f4xx_hal_cortex.o(.text.HAL_NVIC_SetPriority)
    HAL_NVIC_SetPriorityGrouping             0x08001b99   Thumb Code    32  stm32f4xx_hal_cortex.o(.text.HAL_NVIC_SetPriorityGrouping)
    HAL_RCC_ClockConfig                      0x08001bb9   Thumb Code   352  stm32f4xx_hal_rcc.o(.text.HAL_RCC_ClockConfig)
    HAL_RCC_GetHCLKFreq                      0x08001d19   Thumb Code    12  stm32f4xx_hal_rcc.o(.text.HAL_RCC_GetHCLKFreq)
    HAL_RCC_GetPCLK1Freq                     0x08001d25   Thumb Code    38  stm32f4xx_hal_rcc.o(.text.HAL_RCC_GetPCLK1Freq)
    HAL_RCC_GetPCLK2Freq                     0x08001d4d   Thumb Code    38  stm32f4xx_hal_rcc.o(.text.HAL_RCC_GetPCLK2Freq)
    HAL_RCC_GetSysClockFreq                  0x08001d75   Thumb Code   106  stm32f4xx_hal_rcc.o(.text.HAL_RCC_GetSysClockFreq)
    HAL_RCC_OscConfig                        0x08001de1   Thumb Code   880  stm32f4xx_hal_rcc.o(.text.HAL_RCC_OscConfig)
    HAL_SYSTICK_Config                       0x08002151   Thumb Code    44  stm32f4xx_hal_cortex.o(.text.HAL_SYSTICK_Config)
    HAL_TIMEx_BreakCallback                  0x0800217d   Thumb Code     2  stm32f4xx_hal_tim_ex.o(.text.HAL_TIMEx_BreakCallback)
    HAL_TIMEx_CommutCallback                 0x08002181   Thumb Code     2  stm32f4xx_hal_tim_ex.o(.text.HAL_TIMEx_CommutCallback)
    HAL_TIM_IC_CaptureCallback               0x08002185   Thumb Code     2  stm32f4xx_hal_tim.o(.text.HAL_TIM_IC_CaptureCallback)
    HAL_TIM_IRQHandler                       0x08002189   Thumb Code   330  stm32f4xx_hal_tim.o(.text.HAL_TIM_IRQHandler)
    HAL_TIM_OC_DelayElapsedCallback          0x080022d5   Thumb Code     2  stm32f4xx_hal_tim.o(.text.HAL_TIM_OC_DelayElapsedCallback)
    HAL_TIM_PWM_PulseFinishedCallback        0x080022d9   Thumb Code     2  stm32f4xx_hal_tim.o(.text.HAL_TIM_PWM_PulseFinishedCallback)
    HAL_TIM_PeriodElapsedCallback            0x080022dd   Thumb Code     2  stm32f4xx_hal_tim.o(.text.HAL_TIM_PeriodElapsedCallback)
    HAL_TIM_TriggerCallback                  0x080022e1   Thumb Code     2  stm32f4xx_hal_tim.o(.text.HAL_TIM_TriggerCallback)
    HAL_UARTEx_RxEventCallback               0x080022e5   Thumb Code     2  stm32f4xx_hal_uart.o(.text.HAL_UARTEx_RxEventCallback)
    HAL_UART_AbortReceive                    0x080022e9   Thumb Code   364  stm32f4xx_hal_uart.o(.text.HAL_UART_AbortReceive)
    HAL_UART_ErrorCallback                   0x08002455   Thumb Code   110  serial.o(.text.HAL_UART_ErrorCallback)
    HAL_UART_IRQHandler                      0x080024c5   Thumb Code  1396  stm32f4xx_hal_uart.o(.text.HAL_UART_IRQHandler)
    HAL_UART_Init                            0x08002a39   Thumb Code    96  stm32f4xx_hal_uart.o(.text.HAL_UART_Init)
    HAL_UART_MspInit                         0x08002a99   Thumb Code   646  usart.o(.text.HAL_UART_MspInit)
    HAL_UART_Receive_IT                      0x08002d21   Thumb Code    82  stm32f4xx_hal_uart.o(.text.HAL_UART_Receive_IT)
    HAL_UART_RxCpltCallback                  0x08002d75   Thumb Code   124  serial.o(.text.HAL_UART_RxCpltCallback)
    HAL_UART_Transmit                        0x08002df1   Thumb Code   234  stm32f4xx_hal_uart.o(.text.HAL_UART_Transmit)
    HAL_UART_TxCpltCallback                  0x08002edd   Thumb Code     2  stm32f4xx_hal_uart.o(.text.HAL_UART_TxCpltCallback)
    HardFault_Handler                        0x08002ee1   Thumb Code     2  stm32f4xx_it.o(.text.HardFault_Handler)
    JY901_RxCallback                         0x08002ee5   Thumb Code   224  jy901.o(.text.JY901_RxCallback)
    Lidar_Init                               0x08002fcd   Thumb Code   144  lidar.o(.text.Lidar_Init)
    Lidar_Process                            0x0800305d   Thumb Code   984  lidar.o(.text.Lidar_Process)
    Lidar_UART_ErrorCallback                 0x08003439   Thumb Code    66  lidar.o(.text.Lidar_UART_ErrorCallback)
    Lidar_UART_RxCpltCallback                0x0800347d   Thumb Code  1276  lidar.o(.text.Lidar_UART_RxCpltCallback)
    MX_GPIO_Init                             0x08003979   Thumb Code   326  gpio.o(.text.MX_GPIO_Init)
    MX_USART1_UART_Init                      0x08003ac1   Thumb Code    60  usart.o(.text.MX_USART1_UART_Init)
    MX_USART2_UART_Init                      0x08003afd   Thumb Code    60  usart.o(.text.MX_USART2_UART_Init)
    MX_USART6_UART_Init                      0x08003b39   Thumb Code    60  usart.o(.text.MX_USART6_UART_Init)
    Machine_FeedbackRxByteCallback           0x08003b75   Thumb Code   252  machine.o(.text.Machine_FeedbackRxByteCallback)
    Machine_FeedbackRxErrorCallback          0x08003c71   Thumb Code    84  machine.o(.text.Machine_FeedbackRxErrorCallback)
    Machine_FeedbackRxStart                  0x08003cc5   Thumb Code   130  machine.o(.text.Machine_FeedbackRxStart)
    Machine_GetLatestFeedback                0x08003d49   Thumb Code    98  machine.o(.text.Machine_GetLatestFeedback)
    Machine_SetPositionEx                    0x08003dad   Thumb Code   276  machine.o(.text.Machine_SetPositionEx)
    Machine_SetTorqueEx                      0x08003ec5   Thumb Code   280  machine.o(.text.Machine_SetTorqueEx)
    MemManage_Handler                        0x08003fe1   Thumb Code     2  stm32f4xx_it.o(.text.MemManage_Handler)
    NMI_Handler                              0x08003fe5   Thumb Code     2  stm32f4xx_it.o(.text.NMI_Handler)
    OLED_Clear                               0x08003fe9   Thumb Code    20  oled.o(.text.OLED_Clear)
    OLED_I2C_SendByte                        0x08003ffd   Thumb Code   122  oled.o(.text.OLED_I2C_SendByte)
    OLED_Init                                0x08004079   Thumb Code   214  oled.o(.text.OLED_Init)
    OLED_Printf                              0x08004151   Thumb Code    40  oled.o(.text.OLED_Printf)
    OLED_ShowImage                           0x08004179   Thumb Code   798  oled.o(.text.OLED_ShowImage)
    OLED_ShowString                          0x08004499   Thumb Code   472  oled.o(.text.OLED_ShowString)
    OLED_Update                              0x08004671   Thumb Code   236  oled.o(.text.OLED_Update)
    OLED_WriteCommand                        0x0800475d   Thumb Code   160  oled.o(.text.OLED_WriteCommand)
    OLED_WriteData                           0x080047fd   Thumb Code   174  oled.o(.text.OLED_WriteData)
    PendSV_Handler                           0x080048ad   Thumb Code     2  stm32f4xx_it.o(.text.PendSV_Handler)
    SVC_Handler                              0x080048b1   Thumb Code     2  stm32f4xx_it.o(.text.SVC_Handler)
    SysTick_Handler                          0x080048b5   Thumb Code     4  stm32f4xx_it.o(.text.SysTick_Handler)
    SystemClock_Config                       0x080048b9   Thumb Code   166  main.o(.text.SystemClock_Config)
    SystemInit                               0x08004961   Thumb Code    18  system_stm32f4xx.o(.text.SystemInit)
    TIM7_IRQHandler                          0x08004975   Thumb Code    12  stm32f4xx_it.o(.text.TIM7_IRQHandler)
    UART5_IRQHandler                         0x08004981   Thumb Code    12  stm32f4xx_it.o(.text.UART5_IRQHandler)
    USART1_IRQHandler                        0x08004b75   Thumb Code    12  stm32f4xx_it.o(.text.USART1_IRQHandler)
    USART2_IRQHandler                        0x08004b81   Thumb Code    26  stm32f4xx_it.o(.text.USART2_IRQHandler)
    USART3_IRQHandler                        0x08004b9d   Thumb Code    12  stm32f4xx_it.o(.text.USART3_IRQHandler)
    USART6_IRQHandler                        0x08004ba9   Thumb Code    12  stm32f4xx_it.o(.text.USART6_IRQHandler)
    USART6_RX_Init                           0x08004bb5   Thumb Code    58  serial.o(.text.USART6_RX_Init)
    UsageFault_Handler                       0x08004bf1   Thumb Code     2  stm32f4xx_it.o(.text.UsageFault_Handler)
    main                                     0x08004bf5   Thumb Code   532  main.o(.text.main)
    _btod_d2e                                0x08004e15   Thumb Code    62  btod.o(CL$$btod_d2e)
    _d2e_denorm_low                          0x08004e53   Thumb Code    70  btod.o(CL$$btod_d2e_denorm_low)
    _d2e_norm_op1                            0x08004e99   Thumb Code    96  btod.o(CL$$btod_d2e_norm_op1)
    __btod_div_common                        0x08004ef9   Thumb Code   696  btod.o(CL$$btod_div_common)
    _e2e                                     0x08005231   Thumb Code   220  btod.o(CL$$btod_e2e)
    _btod_ediv                               0x0800530d   Thumb Code    42  btod.o(CL$$btod_ediv)
    _btod_emul                               0x08005337   Thumb Code    42  btod.o(CL$$btod_emul)
    __btod_mult_common                       0x08005361   Thumb Code   580  btod.o(CL$$btod_mult_common)
    __ARM_fpclassify                         0x080055a5   Thumb Code    48  fpclassify.o(i.__ARM_fpclassify)
    _is_digit                                0x080055d5   Thumb Code    14  __printf_wp.o(i._is_digit)
    _get_lc_numeric                          0x080055e5   Thumb Code    44  lc_numeric_c.o(locale$$code)
    _get_lc_ctype                            0x08005611   Thumb Code    44  lc_ctype_c.o(locale$$code)
    __fpl_dretinf                            0x0800563d   Thumb Code    12  dretinf.o(x$fpl$dretinf)
    __aeabi_f2d                              0x08005649   Thumb Code     0  f2d.o(x$fpl$f2d)
    _f2d                                     0x08005649   Thumb Code    86  f2d.o(x$fpl$f2d)
    __fpl_fnaninf                            0x0800569f   Thumb Code   140  fnaninf.o(x$fpl$fnaninf)
    _fp_init                                 0x0800572b   Thumb Code    26  fpinit.o(x$fpl$fpinit)
    __fplib_config_fpu_vfp                   0x08005743   Thumb Code     0  fpinit.o(x$fpl$fpinit)
    __fplib_config_pureend_doubles           0x08005743   Thumb Code     0  fpinit.o(x$fpl$fpinit)
    _printf_fp_dec                           0x08005745   Thumb Code     4  printf1.o(x$fpl$printf1)
    _printf_fp_hex                           0x08005749   Thumb Code     4  printf2.o(x$fpl$printf2)
    __I$use$fp                               0x0800574c   Number         0  usenofp.o(x$fpl$usenofp)
    AHBPrescTable                            0x08005848   Data          16  system_stm32f4xx.o(.rodata.AHBPrescTable)
    APBPrescTable                            0x08005858   Data           8  system_stm32f4xx.o(.rodata.APBPrescTable)
    OLED_CF16x16                             0x08005860   Data         259  oled_data.o(.rodata.OLED_CF16x16)
    OLED_F6x8                                0x08005963   Data         570  oled_data.o(.rodata.OLED_F6x8)
    OLED_F8x16                               0x08005b9d   Data        1520  oled_data.o(.rodata.OLED_F8x16)
    Region$$Table$$Base                      0x08006190   Number         0  anon$$obj.o(Region$$Table)
    Region$$Table$$Limit                     0x080061b0   Number         0  anon$$obj.o(Region$$Table)
    __ctype                                  0x080061d9   Data           0  lc_ctype_c.o(locale$$data)
    SystemCoreClock                          0x20000000   Data           4  system_stm32f4xx.o(.data.SystemCoreClock)
    uwTickFreq                               0x20000027   Data           1  stm32f4xx_hal.o(.data.uwTickFreq)
    uwTickPrio                               0x20000028   Data           4  stm32f4xx_hal.o(.data.uwTickPrio)
    __libspace_start                         0x20000030   Data          96  libspace.o(.bss)
    __temporary_stack_top$libspace           0x20000090   Data           0  libspace.o(.bss)
    OLED_DisplayBuf                          0x20000098   Data        1024  oled.o(.bss.OLED_DisplayBuf)
    car_angle                                0x200004a4   Data           4  lidar.o(.bss.car_angle)
    car_angle_valid                          0x200004a8   Data           1  lidar.o(.bss.car_angle_valid)
    car_distance_mm                          0x200004aa   Data           2  lidar.o(.bss.car_distance_mm)
    htim7                                    0x200004b0   Data          72  tim.o(.bss.htim7)
    huart1                                   0x200004f8   Data          72  usart.o(.bss.huart1)
    huart2                                   0x20000540   Data          72  usart.o(.bss.huart2)
    huart3                                   0x20000588   Data          72  usart.o(.bss.huart3)
    huart5                                   0x200005d0   Data          72  usart.o(.bss.huart5)
    huart6                                   0x20000618   Data          72  usart.o(.bss.huart6)
    lidar_error_frame_count                  0x20000674   Data           4  lidar.o(.bss.lidar_error_frame_count)
    lidar_target_point_count                 0x200014cc   Data           2  lidar.o(.bss.lidar_target_point_count)
    lidar_valid_frame_count                  0x200014d0   Data           4  lidar.o(.bss.lidar_valid_frame_count)
    machine_feedback_reject_count            0x200014e0   Data           4  machine.o(.bss.machine_feedback_reject_count)
    machine_feedback_valid_frame_count       0x200014f8   Data           4  machine.o(.bss.machine_feedback_valid_frame_count)
    machine_uart2_error_count                0x200014fc   Data           4  machine.o(.bss.machine_uart2_error_count)
    machine_uart2_rx_byte_count              0x20001500   Data           4  machine.o(.bss.machine_uart2_rx_byte_count)
    uart5_rx_byte                            0x20001510   Data           1  jy901.o(.bss.uart5_rx_byte)
    uart6_rx_byte                            0x20001511   Data           1  serial.o(.bss.uart6_rx_byte)
    usart2_irq_count                         0x20001514   Data           4  stm32f4xx_it.o(.bss.usart2_irq_count)
    uwTick                                   0x20001518   Data           4  stm32f4xx_hal.o(.bss.uwTick)
    yaw                                      0x2000151c   Data           4  jy901.o(.bss.yaw)



==============================================================================

Memory Map of the image

  Image Entry point : 0x08000189

  Load Region LR_IROM1 (Base: 0x08000000, Size: 0x00006310, Max: 0x00100000, ABSOLUTE)

    Execution Region ER_IROM1 (Exec base: 0x08000000, Load base: 0x08000000, Size: 0x000062dc, Max: 0x00100000, ABSOLUTE)

    Exec Addr    Load Addr    Size         Type   Attr      Idx    E Section Name        Object

    0x08000000   0x08000000   0x00000188   Data   RO          540    RESET               startup_stm32f405xx.o
    0x08000188   0x08000188   0x00000008   Code   RO         1403  * !!!main             c_w.l(__main.o)
    0x08000190   0x08000190   0x0000005c   Code   RO         1851    !!!scatter          c_w.l(__scatter.o)
    0x080001ec   0x080001ec   0x0000001a   Code   RO         1855    !!handler_copy      c_w.l(__scatter_copy.o)
    0x08000206   0x08000206   0x00000002   PAD
    0x08000208   0x08000208   0x00000002   Code   RO         1852    !!handler_null      c_w.l(__scatter.o)
    0x0800020a   0x0800020a   0x00000002   PAD
    0x0800020c   0x0800020c   0x0000001c   Code   RO         1857    !!handler_zi        c_w.l(__scatter_zi.o)
    0x08000228   0x08000228   0x00000000   Code   RO         1537    .ARM.Collect$$_printf_percent$$00000000  c_w.l(_printf_percent.o)
    0x08000228   0x08000228   0x00000006   Code   RO         1526    .ARM.Collect$$_printf_percent$$00000001  c_w.l(_printf_n.o)
    0x0800022e   0x0800022e   0x00000006   Code   RO         1528    .ARM.Collect$$_printf_percent$$00000002  c_w.l(_printf_p.o)
    0x08000234   0x08000234   0x00000006   Code   RO         1533    .ARM.Collect$$_printf_percent$$00000003  c_w.l(_printf_f.o)
    0x0800023a   0x0800023a   0x00000006   Code   RO         1534    .ARM.Collect$$_printf_percent$$00000004  c_w.l(_printf_e.o)
    0x08000240   0x08000240   0x00000006   Code   RO         1535    .ARM.Collect$$_printf_percent$$00000005  c_w.l(_printf_g.o)
    0x08000246   0x08000246   0x00000006   Code   RO         1536    .ARM.Collect$$_printf_percent$$00000006  c_w.l(_printf_a.o)
    0x0800024c   0x0800024c   0x0000000a   Code   RO         1541    .ARM.Collect$$_printf_percent$$00000007  c_w.l(_printf_ll.o)
    0x08000256   0x08000256   0x00000006   Code   RO         1530    .ARM.Collect$$_printf_percent$$00000008  c_w.l(_printf_i.o)
    0x0800025c   0x0800025c   0x00000006   Code   RO         1531    .ARM.Collect$$_printf_percent$$00000009  c_w.l(_printf_d.o)
    0x08000262   0x08000262   0x00000006   Code   RO         1532    .ARM.Collect$$_printf_percent$$0000000A  c_w.l(_printf_u.o)
    0x08000268   0x08000268   0x00000006   Code   RO         1529    .ARM.Collect$$_printf_percent$$0000000B  c_w.l(_printf_o.o)
    0x0800026e   0x0800026e   0x00000006   Code   RO         1527    .ARM.Collect$$_printf_percent$$0000000C  c_w.l(_printf_x.o)
    0x08000274   0x08000274   0x00000006   Code   RO         1538    .ARM.Collect$$_printf_percent$$0000000D  c_w.l(_printf_lli.o)
    0x0800027a   0x0800027a   0x00000006   Code   RO         1539    .ARM.Collect$$_printf_percent$$0000000E  c_w.l(_printf_lld.o)
    0x08000280   0x08000280   0x00000006   Code   RO         1540    .ARM.Collect$$_printf_percent$$0000000F  c_w.l(_printf_llu.o)
    0x08000286   0x08000286   0x00000006   Code   RO         1545    .ARM.Collect$$_printf_percent$$00000010  c_w.l(_printf_llo.o)
    0x0800028c   0x0800028c   0x00000006   Code   RO         1546    .ARM.Collect$$_printf_percent$$00000011  c_w.l(_printf_llx.o)
    0x08000292   0x08000292   0x0000000a   Code   RO         1542    .ARM.Collect$$_printf_percent$$00000012  c_w.l(_printf_l.o)
    0x0800029c   0x0800029c   0x00000006   Code   RO         1524    .ARM.Collect$$_printf_percent$$00000013  c_w.l(_printf_c.o)
    0x080002a2   0x080002a2   0x00000006   Code   RO         1525    .ARM.Collect$$_printf_percent$$00000014  c_w.l(_printf_s.o)
    0x080002a8   0x080002a8   0x00000006   Code   RO         1543    .ARM.Collect$$_printf_percent$$00000015  c_w.l(_printf_lc.o)
    0x080002ae   0x080002ae   0x00000006   Code   RO         1544    .ARM.Collect$$_printf_percent$$00000016  c_w.l(_printf_ls.o)
    0x080002b4   0x080002b4   0x00000004   Code   RO         1643    .ARM.Collect$$_printf_percent$$00000017  c_w.l(_printf_percent_end.o)
    0x080002b8   0x080002b8   0x00000002   Code   RO         1707    .ARM.Collect$$libinit$$00000000  c_w.l(libinit.o)
    0x080002ba   0x080002ba   0x00000004   Code   RO         1723    .ARM.Collect$$libinit$$00000001  c_w.l(libinit2.o)
    0x080002be   0x080002be   0x00000000   Code   RO         1726    .ARM.Collect$$libinit$$00000004  c_w.l(libinit2.o)
    0x080002be   0x080002be   0x00000000   Code   RO         1728    .ARM.Collect$$libinit$$00000006  c_w.l(libinit2.o)
    0x080002be   0x080002be   0x00000000   Code   RO         1731    .ARM.Collect$$libinit$$0000000C  c_w.l(libinit2.o)
    0x080002be   0x080002be   0x00000000   Code   RO         1733    .ARM.Collect$$libinit$$0000000E  c_w.l(libinit2.o)
    0x080002be   0x080002be   0x00000000   Code   RO         1735    .ARM.Collect$$libinit$$00000010  c_w.l(libinit2.o)
    0x080002be   0x080002be   0x00000006   Code   RO         1736    .ARM.Collect$$libinit$$00000011  c_w.l(libinit2.o)
    0x080002c4   0x080002c4   0x00000000   Code   RO         1738    .ARM.Collect$$libinit$$00000013  c_w.l(libinit2.o)
    0x080002c4   0x080002c4   0x0000000c   Code   RO         1739    .ARM.Collect$$libinit$$00000014  c_w.l(libinit2.o)
    0x080002d0   0x080002d0   0x00000000   Code   RO         1740    .ARM.Collect$$libinit$$00000015  c_w.l(libinit2.o)
    0x080002d0   0x080002d0   0x00000000   Code   RO         1742    .ARM.Collect$$libinit$$00000017  c_w.l(libinit2.o)
    0x080002d0   0x080002d0   0x0000000a   Code   RO         1743    .ARM.Collect$$libinit$$00000018  c_w.l(libinit2.o)
    0x080002da   0x080002da   0x00000000   Code   RO         1744    .ARM.Collect$$libinit$$00000019  c_w.l(libinit2.o)
    0x080002da   0x080002da   0x00000000   Code   RO         1746    .ARM.Collect$$libinit$$0000001B  c_w.l(libinit2.o)
    0x080002da   0x080002da   0x00000000   Code   RO         1748    .ARM.Collect$$libinit$$0000001D  c_w.l(libinit2.o)
    0x080002da   0x080002da   0x00000000   Code   RO         1750    .ARM.Collect$$libinit$$0000001F  c_w.l(libinit2.o)
    0x080002da   0x080002da   0x00000000   Code   RO         1752    .ARM.Collect$$libinit$$00000021  c_w.l(libinit2.o)
    0x080002da   0x080002da   0x00000000   Code   RO         1754    .ARM.Collect$$libinit$$00000023  c_w.l(libinit2.o)
    0x080002da   0x080002da   0x00000000   Code   RO         1756    .ARM.Collect$$libinit$$00000025  c_w.l(libinit2.o)
    0x080002da   0x080002da   0x00000000   Code   RO         1758    .ARM.Collect$$libinit$$00000027  c_w.l(libinit2.o)
    0x080002da   0x080002da   0x00000000   Code   RO         1762    .ARM.Collect$$libinit$$0000002E  c_w.l(libinit2.o)
    0x080002da   0x080002da   0x00000000   Code   RO         1764    .ARM.Collect$$libinit$$00000030  c_w.l(libinit2.o)
    0x080002da   0x080002da   0x00000000   Code   RO         1766    .ARM.Collect$$libinit$$00000032  c_w.l(libinit2.o)
    0x080002da   0x080002da   0x00000000   Code   RO         1768    .ARM.Collect$$libinit$$00000034  c_w.l(libinit2.o)
    0x080002da   0x080002da   0x00000002   Code   RO         1769    .ARM.Collect$$libinit$$00000035  c_w.l(libinit2.o)
    0x080002dc   0x080002dc   0x00000002   Code   RO         1806    .ARM.Collect$$libshutdown$$00000000  c_w.l(libshutdown.o)
    0x080002de   0x080002de   0x00000000   Code   RO         1834    .ARM.Collect$$libshutdown$$00000002  c_w.l(libshutdown2.o)
    0x080002de   0x080002de   0x00000000   Code   RO         1836    .ARM.Collect$$libshutdown$$00000004  c_w.l(libshutdown2.o)
    0x080002de   0x080002de   0x00000000   Code   RO         1839    .ARM.Collect$$libshutdown$$00000007  c_w.l(libshutdown2.o)
    0x080002de   0x080002de   0x00000000   Code   RO         1842    .ARM.Collect$$libshutdown$$0000000A  c_w.l(libshutdown2.o)
    0x080002de   0x080002de   0x00000000   Code   RO         1844    .ARM.Collect$$libshutdown$$0000000C  c_w.l(libshutdown2.o)
    0x080002de   0x080002de   0x00000000   Code   RO         1847    .ARM.Collect$$libshutdown$$0000000F  c_w.l(libshutdown2.o)
    0x080002de   0x080002de   0x00000002   Code   RO         1848    .ARM.Collect$$libshutdown$$00000010  c_w.l(libshutdown2.o)
    0x080002e0   0x080002e0   0x00000000   Code   RO         1447    .ARM.Collect$$rtentry$$00000000  c_w.l(__rtentry.o)
    0x080002e0   0x080002e0   0x00000000   Code   RO         1605    .ARM.Collect$$rtentry$$00000002  c_w.l(__rtentry2.o)
    0x080002e0   0x080002e0   0x00000006   Code   RO         1617    .ARM.Collect$$rtentry$$00000004  c_w.l(__rtentry4.o)
    0x080002e6   0x080002e6   0x00000000   Code   RO         1607    .ARM.Collect$$rtentry$$00000009  c_w.l(__rtentry2.o)
    0x080002e6   0x080002e6   0x00000004   Code   RO         1608    .ARM.Collect$$rtentry$$0000000A  c_w.l(__rtentry2.o)
    0x080002ea   0x080002ea   0x00000000   Code   RO         1610    .ARM.Collect$$rtentry$$0000000C  c_w.l(__rtentry2.o)
    0x080002ea   0x080002ea   0x00000008   Code   RO         1611    .ARM.Collect$$rtentry$$0000000D  c_w.l(__rtentry2.o)
    0x080002f2   0x080002f2   0x00000002   Code   RO         1710    .ARM.Collect$$rtexit$$00000000  c_w.l(rtexit.o)
    0x080002f4   0x080002f4   0x00000000   Code   RO         1775    .ARM.Collect$$rtexit$$00000002  c_w.l(rtexit2.o)
    0x080002f4   0x080002f4   0x00000004   Code   RO         1776    .ARM.Collect$$rtexit$$00000003  c_w.l(rtexit2.o)
    0x080002f8   0x080002f8   0x00000006   Code   RO         1777    .ARM.Collect$$rtexit$$00000004  c_w.l(rtexit2.o)
    0x080002fe   0x080002fe   0x00000002   PAD
    0x08000300   0x08000300   0x00000040   Code   RO          541    .text               startup_stm32f405xx.o
    0x08000340   0x08000340   0x000000f0   Code   RO         1391    .text               c_w.l(lludivv7m.o)
    0x08000430   0x08000430   0x00000024   Code   RO         1393    .text               c_w.l(vsprintf.o)
    0x08000454   0x08000454   0x0000004e   Code   RO         1397    .text               c_w.l(rt_memclr_w.o)
    0x080004a2   0x080004a2   0x00000006   PAD
    0x080004a8   0x080004a8   0x0000007c   Code   RO         1399    .text               c_w.l(strcmpv7em.o)
    0x08000524   0x08000524   0x00000006   Code   RO         1401    .text               c_w.l(heapauxi.o)
    0x0800052a   0x0800052a   0x0000004e   Code   RO         1456    .text               c_w.l(_printf_pad.o)
    0x08000578   0x08000578   0x00000024   Code   RO         1458    .text               c_w.l(_printf_truncate.o)
    0x0800059c   0x0800059c   0x00000052   Code   RO         1460    .text               c_w.l(_printf_str.o)
    0x080005ee   0x080005ee   0x00000002   PAD
    0x080005f0   0x080005f0   0x00000078   Code   RO         1462    .text               c_w.l(_printf_dec.o)
    0x08000668   0x08000668   0x00000028   Code   RO         1464    .text               c_w.l(_printf_charcount.o)
    0x08000690   0x08000690   0x00000030   Code   RO         1466    .text               c_w.l(_printf_char_common.o)
    0x080006c0   0x080006c0   0x0000000a   Code   RO         1468    .text               c_w.l(_sputc.o)
    0x080006ca   0x080006ca   0x00000002   PAD
    0x080006cc   0x080006cc   0x000000bc   Code   RO         1472    .text               c_w.l(_printf_wctomb.o)
    0x08000788   0x08000788   0x0000007c   Code   RO         1475    .text               c_w.l(_printf_longlong_dec.o)
    0x08000804   0x08000804   0x00000070   Code   RO         1481    .text               c_w.l(_printf_oct_int_ll.o)
    0x08000874   0x08000874   0x00000094   Code   RO         1501    .text               c_w.l(_printf_hex_int_ll_ptr.o)
    0x08000908   0x08000908   0x00000188   Code   RO         1521    .text               c_w.l(__printf_flags_ss_wp.o)
    0x08000a90   0x08000a90   0x0000008a   Code   RO         1626    .text               c_w.l(lludiv10.o)
    0x08000b1a   0x08000b1a   0x000000b2   Code   RO         1628    .text               c_w.l(_printf_intcommon.o)
    0x08000bcc   0x08000bcc   0x0000041c   Code   RO         1630    .text               c_w.l(_printf_fp_dec.o)
    0x08000fe8   0x08000fe8   0x000002fc   Code   RO         1634    .text               c_w.l(_printf_fp_hex.o)
    0x080012e4   0x080012e4   0x0000002c   Code   RO         1639    .text               c_w.l(_printf_char.o)
    0x08001310   0x08001310   0x0000002c   Code   RO         1641    .text               c_w.l(_printf_wchar.o)
    0x0800133c   0x0800133c   0x00000048   Code   RO         1644    .text               c_w.l(_c16rtomb.o)
    0x08001384   0x08001384   0x00000008   Code   RO         1652    .text               c_w.l(libspace.o)
    0x0800138c   0x0800138c   0x0000004a   Code   RO         1655    .text               c_w.l(sys_stackheap_outer.o)
    0x080013d6   0x080013d6   0x00000002   PAD
    0x080013d8   0x080013d8   0x00000010   Code   RO         1657    .text               c_w.l(rt_ctype_table.o)
    0x080013e8   0x080013e8   0x00000008   Code   RO         1662    .text               c_w.l(rt_locale_intlibspace.o)
    0x080013f0   0x080013f0   0x00000080   Code   RO         1664    .text               c_w.l(_printf_fp_infnan.o)
    0x08001470   0x08001470   0x000000e4   Code   RO         1666    .text               c_w.l(bigflt0.o)
    0x08001554   0x08001554   0x00000012   Code   RO         1696    .text               c_w.l(exit.o)
    0x08001566   0x08001566   0x00000002   PAD
    0x08001568   0x08001568   0x0000000c   Code   RO         1770    .text               c_w.l(sys_exit.o)
    0x08001574   0x08001574   0x00000002   Code   RO         1795    .text               c_w.l(use_no_semi.o)
    0x08001576   0x08001576   0x00000000   Code   RO         1797    .text               c_w.l(indicate_semi.o)
    0x08001576   0x08001576   0x00000002   PAD
    0x08001578   0x08001578   0x000000c0   Code   RO            6    .text.App_UpdateOled  main.o
    0x08001638   0x08001638   0x00000034   Code   RO          457    .text.Bluetooth_GetCommand  bluetooth.o
    0x0800166c   0x0800166c   0x0000002c   Code   RO          453    .text.Bluetooth_Init  bluetooth.o
    0x08001698   0x08001698   0x000000a6   Code   RO          455    .text.Bluetooth_RxByteCallback  bluetooth.o
    0x0800173e   0x0800173e   0x00000002   PAD
    0x08001740   0x08001740   0x00000002   Code   RO          120    .text.BusFault_Handler  stm32f4xx_it.o
    0x08001742   0x08001742   0x00000002   PAD
    0x08001744   0x08001744   0x00000002   Code   RO          126    .text.DebugMon_Handler  stm32f4xx_it.o
    0x08001746   0x08001746   0x00000002   PAD
    0x08001748   0x08001748   0x00000066   Code   RO          524    .text.Delay_us      delay.o
    0x080017ae   0x080017ae   0x00000002   PAD
    0x080017b0   0x080017b0   0x00000006   Code   RO            8    .text.Error_Handler  main.o
    0x080017b6   0x080017b6   0x00000002   PAD
    0x080017b8   0x080017b8   0x00000080   Code   RO         1023    .text.HAL_DMA_Abort  stm32f4xx_hal_dma.o
    0x08001838   0x08001838   0x00000024   Code   RO         1025    .text.HAL_DMA_Abort_IT  stm32f4xx_hal_dma.o
    0x0800185c   0x0800185c   0x00000004   Code   RO         1037    .text.HAL_DMA_GetError  stm32f4xx_hal_dma.o
    0x08001860   0x08001860   0x00000028   Code   RO         1182    .text.HAL_Delay     stm32f4xx_hal.o
    0x08001888   0x08001888   0x0000019e   Code   RO          977    .text.HAL_GPIO_Init  stm32f4xx_hal_gpio.o
    0x08001a26   0x08001a26   0x00000002   PAD
    0x08001a28   0x08001a28   0x0000000a   Code   RO          983    .text.HAL_GPIO_WritePin  stm32f4xx_hal_gpio.o
    0x08001a32   0x08001a32   0x00000002   PAD
    0x08001a34   0x08001a34   0x0000000c   Code   RO         1174    .text.HAL_GetTick   stm32f4xx_hal.o
    0x08001a40   0x08001a40   0x0000001a   Code   RO         1172    .text.HAL_IncTick   stm32f4xx_hal.o
    0x08001a5a   0x08001a5a   0x00000002   PAD
    0x08001a5c   0x08001a5c   0x00000036   Code   RO         1162    .text.HAL_Init      stm32f4xx_hal.o
    0x08001a92   0x08001a92   0x00000002   PAD
    0x08001a94   0x08001a94   0x00000050   Code   RO         1164    .text.HAL_InitTick  stm32f4xx_hal.o
    0x08001ae4   0x08001ae4   0x00000038   Code   RO          152    .text.HAL_MspInit   stm32f4xx_hal_msp.o
    0x08001b1c   0x08001b1c   0x00000022   Code   RO         1114    .text.HAL_NVIC_EnableIRQ  stm32f4xx_hal_cortex.o
    0x08001b3e   0x08001b3e   0x00000002   PAD
    0x08001b40   0x08001b40   0x00000056   Code   RO         1112    .text.HAL_NVIC_SetPriority  stm32f4xx_hal_cortex.o
    0x08001b96   0x08001b96   0x00000002   PAD
    0x08001b98   0x08001b98   0x00000020   Code   RO         1110    .text.HAL_NVIC_SetPriorityGrouping  stm32f4xx_hal_cortex.o
    0x08001bb8   0x08001bb8   0x00000160   Code   RO          871    .text.HAL_RCC_ClockConfig  stm32f4xx_hal_rcc.o
    0x08001d18   0x08001d18   0x0000000c   Code   RO          881    .text.HAL_RCC_GetHCLKFreq  stm32f4xx_hal_rcc.o
    0x08001d24   0x08001d24   0x00000026   Code   RO          883    .text.HAL_RCC_GetPCLK1Freq  stm32f4xx_hal_rcc.o
    0x08001d4a   0x08001d4a   0x00000002   PAD
    0x08001d4c   0x08001d4c   0x00000026   Code   RO          885    .text.HAL_RCC_GetPCLK2Freq  stm32f4xx_hal_rcc.o
    0x08001d72   0x08001d72   0x00000002   PAD
    0x08001d74   0x08001d74   0x0000006a   Code   RO          873    .text.HAL_RCC_GetSysClockFreq  stm32f4xx_hal_rcc.o
    0x08001dde   0x08001dde   0x00000002   PAD
    0x08001de0   0x08001de0   0x00000370   Code   RO          869    .text.HAL_RCC_OscConfig  stm32f4xx_hal_rcc.o
    0x08002150   0x08002150   0x0000002c   Code   RO         1122    .text.HAL_SYSTICK_Config  stm32f4xx_hal_cortex.o
    0x0800217c   0x0800217c   0x00000002   Code   RO          853    .text.HAL_TIMEx_BreakCallback  stm32f4xx_hal_tim_ex.o
    0x0800217e   0x0800217e   0x00000002   PAD
    0x08002180   0x08002180   0x00000002   Code   RO          849    .text.HAL_TIMEx_CommutCallback  stm32f4xx_hal_tim_ex.o
    0x08002182   0x08002182   0x00000002   PAD
    0x08002184   0x08002184   0x00000002   Code   RO          684    .text.HAL_TIM_IC_CaptureCallback  stm32f4xx_hal_tim.o
    0x08002186   0x08002186   0x00000002   PAD
    0x08002188   0x08002188   0x0000014a   Code   RO          682    .text.HAL_TIM_IRQHandler  stm32f4xx_hal_tim.o
    0x080022d2   0x080022d2   0x00000002   PAD
    0x080022d4   0x080022d4   0x00000002   Code   RO          686    .text.HAL_TIM_OC_DelayElapsedCallback  stm32f4xx_hal_tim.o
    0x080022d6   0x080022d6   0x00000002   PAD
    0x080022d8   0x080022d8   0x00000002   Code   RO          688    .text.HAL_TIM_PWM_PulseFinishedCallback  stm32f4xx_hal_tim.o
    0x080022da   0x080022da   0x00000002   PAD
    0x080022dc   0x080022dc   0x00000002   Code   RO          690    .text.HAL_TIM_PeriodElapsedCallback  stm32f4xx_hal_tim.o
    0x080022de   0x080022de   0x00000002   PAD
    0x080022e0   0x080022e0   0x00000002   Code   RO          692    .text.HAL_TIM_TriggerCallback  stm32f4xx_hal_tim.o
    0x080022e2   0x080022e2   0x00000002   PAD
    0x080022e4   0x080022e4   0x00000002   Code   RO         1339    .text.HAL_UARTEx_RxEventCallback  stm32f4xx_hal_uart.o
    0x080022e6   0x080022e6   0x00000002   PAD
    0x080022e8   0x080022e8   0x0000016c   Code   RO         1309    .text.HAL_UART_AbortReceive  stm32f4xx_hal_uart.o
    0x08002454   0x08002454   0x0000006e   Code   RO          494    .text.HAL_UART_ErrorCallback  serial.o
    0x080024c2   0x080024c2   0x00000002   PAD
    0x080024c4   0x080024c4   0x00000574   Code   RO         1331    .text.HAL_UART_IRQHandler  stm32f4xx_hal_uart.o
    0x08002a38   0x08002a38   0x00000060   Code   RO         1253    .text.HAL_UART_Init  stm32f4xx_hal_uart.o
    0x08002a98   0x08002a98   0x00000286   Code   RO           97    .text.HAL_UART_MspInit  usart.o
    0x08002d1e   0x08002d1e   0x00000002   PAD
    0x08002d20   0x08002d20   0x00000052   Code   RO         1275    .text.HAL_UART_Receive_IT  stm32f4xx_hal_uart.o
    0x08002d72   0x08002d72   0x00000002   PAD
    0x08002d74   0x08002d74   0x0000007c   Code   RO          492    .text.HAL_UART_RxCpltCallback  serial.o
    0x08002df0   0x08002df0   0x000000ea   Code   RO         1269    .text.HAL_UART_Transmit  stm32f4xx_hal_uart.o
    0x08002eda   0x08002eda   0x00000002   PAD
    0x08002edc   0x08002edc   0x00000002   Code   RO         1341    .text.HAL_UART_TxCpltCallback  stm32f4xx_hal_uart.o
    0x08002ede   0x08002ede   0x00000002   PAD
    0x08002ee0   0x08002ee0   0x00000002   Code   RO          116    .text.HardFault_Handler  stm32f4xx_it.o
    0x08002ee2   0x08002ee2   0x00000002   PAD
    0x08002ee4   0x08002ee4   0x000000e8   Code   RO          273    .text.JY901_RxCallback  jy901.o
    0x08002fcc   0x08002fcc   0x00000090   Code   RO          220    .text.Lidar_Init    lidar.o
    0x0800305c   0x0800305c   0x000003dc   Code   RO          226    .text.Lidar_Process  lidar.o
    0x08003438   0x08003438   0x00000042   Code   RO          224    .text.Lidar_UART_ErrorCallback  lidar.o
    0x0800347a   0x0800347a   0x00000002   PAD
    0x0800347c   0x0800347c   0x000004fc   Code   RO          222    .text.Lidar_UART_RxCpltCallback  lidar.o
    0x08003978   0x08003978   0x00000146   Code   RO           44    .text.MX_GPIO_Init  gpio.o
    0x08003abe   0x08003abe   0x00000002   PAD
    0x08003ac0   0x08003ac0   0x0000003c   Code   RO           89    .text.MX_USART1_UART_Init  usart.o
    0x08003afc   0x08003afc   0x0000003c   Code   RO           91    .text.MX_USART2_UART_Init  usart.o
    0x08003b38   0x08003b38   0x0000003c   Code   RO           95    .text.MX_USART6_UART_Init  usart.o
    0x08003b74   0x08003b74   0x000000fc   Code   RO          192    .text.Machine_FeedbackRxByteCallback  machine.o
    0x08003c70   0x08003c70   0x00000054   Code   RO          194    .text.Machine_FeedbackRxErrorCallback  machine.o
    0x08003cc4   0x08003cc4   0x00000082   Code   RO          190    .text.Machine_FeedbackRxStart  machine.o
    0x08003d46   0x08003d46   0x00000002   PAD
    0x08003d48   0x08003d48   0x00000062   Code   RO          196    .text.Machine_GetLatestFeedback  machine.o
    0x08003daa   0x08003daa   0x00000002   PAD
    0x08003dac   0x08003dac   0x00000118   Code   RO          172    .text.Machine_SetPositionEx  machine.o
    0x08003ec4   0x08003ec4   0x0000011c   Code   RO          170    .text.Machine_SetTorqueEx  machine.o
    0x08003fe0   0x08003fe0   0x00000002   Code   RO          118    .text.MemManage_Handler  stm32f4xx_it.o
    0x08003fe2   0x08003fe2   0x00000002   PAD
    0x08003fe4   0x08003fe4   0x00000002   Code   RO          114    .text.NMI_Handler   stm32f4xx_it.o
    0x08003fe6   0x08003fe6   0x00000002   PAD
    0x08003fe8   0x08003fe8   0x00000014   Code   RO          343    .text.OLED_Clear    oled.o
    0x08003ffc   0x08003ffc   0x0000007a   Code   RO          335    .text.OLED_I2C_SendByte  oled.o
    0x08004076   0x08004076   0x00000002   PAD
    0x08004078   0x08004078   0x000000d6   Code   RO          341    .text.OLED_Init     oled.o
    0x0800414e   0x0800414e   0x00000002   PAD
    0x08004150   0x08004150   0x00000028   Code   RO          379    .text.OLED_Printf   oled.o
    0x08004178   0x08004178   0x0000031e   Code   RO          365    .text.OLED_ShowImage  oled.o
    0x08004496   0x08004496   0x00000002   PAD
    0x08004498   0x08004498   0x000001d8   Code   RO          367    .text.OLED_ShowString  oled.o
    0x08004670   0x08004670   0x000000ec   Code   RO          345    .text.OLED_Update   oled.o
    0x0800475c   0x0800475c   0x000000a0   Code   RO          337    .text.OLED_WriteCommand  oled.o
    0x080047fc   0x080047fc   0x000000ae   Code   RO          339    .text.OLED_WriteData  oled.o
    0x080048aa   0x080048aa   0x00000002   PAD
    0x080048ac   0x080048ac   0x00000002   Code   RO          128    .text.PendSV_Handler  stm32f4xx_it.o
    0x080048ae   0x080048ae   0x00000002   PAD
    0x080048b0   0x080048b0   0x00000002   Code   RO          124    .text.SVC_Handler   stm32f4xx_it.o
    0x080048b2   0x080048b2   0x00000002   PAD
    0x080048b4   0x080048b4   0x00000004   Code   RO          130    .text.SysTick_Handler  stm32f4xx_it.o
    0x080048b8   0x080048b8   0x000000a6   Code   RO            4    .text.SystemClock_Config  main.o
    0x0800495e   0x0800495e   0x00000002   PAD
    0x08004960   0x08004960   0x00000012   Code   RO         1375    .text.SystemInit    system_stm32f4xx.o
    0x08004972   0x08004972   0x00000002   PAD
    0x08004974   0x08004974   0x0000000c   Code   RO          140    .text.TIM7_IRQHandler  stm32f4xx_it.o
    0x08004980   0x08004980   0x0000000c   Code   RO          138    .text.UART5_IRQHandler  stm32f4xx_it.o
    0x0800498c   0x0800498c   0x0000000a   Code   RO         1335    .text.UART_DMAAbortOnError  stm32f4xx_hal_uart.o
    0x08004996   0x08004996   0x00000002   PAD
    0x08004998   0x08004998   0x000000fa   Code   RO         1333    .text.UART_Receive_IT  stm32f4xx_hal_uart.o
    0x08004a92   0x08004a92   0x00000002   PAD
    0x08004a94   0x08004a94   0x000000de   Code   RO         1257    .text.UART_SetConfig  stm32f4xx_hal_uart.o
    0x08004b72   0x08004b72   0x00000002   PAD
    0x08004b74   0x08004b74   0x0000000c   Code   RO          132    .text.USART1_IRQHandler  stm32f4xx_it.o
    0x08004b80   0x08004b80   0x0000001a   Code   RO          134    .text.USART2_IRQHandler  stm32f4xx_it.o
    0x08004b9a   0x08004b9a   0x00000002   PAD
    0x08004b9c   0x08004b9c   0x0000000c   Code   RO          136    .text.USART3_IRQHandler  stm32f4xx_it.o
    0x08004ba8   0x08004ba8   0x0000000c   Code   RO          142    .text.USART6_IRQHandler  stm32f4xx_it.o
    0x08004bb4   0x08004bb4   0x0000003a   Code   RO          490    .text.USART6_RX_Init  serial.o
    0x08004bee   0x08004bee   0x00000002   PAD
    0x08004bf0   0x08004bf0   0x00000002   Code   RO          122    .text.UsageFault_Handler  stm32f4xx_it.o
    0x08004bf2   0x08004bf2   0x00000002   PAD
    0x08004bf4   0x08004bf4   0x00000220   Code   RO            2    .text.main          main.o
    0x08004e14   0x08004e14   0x0000003e   Code   RO         1669    CL$$btod_d2e        c_w.l(btod.o)
    0x08004e52   0x08004e52   0x00000046   Code   RO         1671    CL$$btod_d2e_denorm_low  c_w.l(btod.o)
    0x08004e98   0x08004e98   0x00000060   Code   RO         1670    CL$$btod_d2e_norm_op1  c_w.l(btod.o)
    0x08004ef8   0x08004ef8   0x00000338   Code   RO         1679    CL$$btod_div_common  c_w.l(btod.o)
    0x08005230   0x08005230   0x000000dc   Code   RO         1676    CL$$btod_e2e        c_w.l(btod.o)
    0x0800530c   0x0800530c   0x0000002a   Code   RO         1673    CL$$btod_ediv       c_w.l(btod.o)
    0x08005336   0x08005336   0x0000002a   Code   RO         1672    CL$$btod_emul       c_w.l(btod.o)
    0x08005360   0x08005360   0x00000244   Code   RO         1678    CL$$btod_mult_common  c_w.l(btod.o)
    0x080055a4   0x080055a4   0x00000030   Code   RO         1648    i.__ARM_fpclassify  m_wm.l(fpclassify.o)
    0x080055d4   0x080055d4   0x0000000e   Code   RO         1514    i._is_digit         c_w.l(__printf_wp.o)
    0x080055e2   0x080055e2   0x00000002   PAD
    0x080055e4   0x080055e4   0x0000002c   Code   RO         1694    locale$$code        c_w.l(lc_numeric_c.o)
    0x08005610   0x08005610   0x0000002c   Code   RO         1717    locale$$code        c_w.l(lc_ctype_c.o)
    0x0800563c   0x0800563c   0x0000000c   Code   RO         1557    x$fpl$dretinf       fz_wm.l(dretinf.o)
    0x08005648   0x08005648   0x00000056   Code   RO         1435    x$fpl$f2d           fz_wm.l(f2d.o)
    0x0800569e   0x0800569e   0x0000008c   Code   RO         1563    x$fpl$fnaninf       fz_wm.l(fnaninf.o)
    0x0800572a   0x0800572a   0x0000001a   Code   RO         1789    x$fpl$fpinit        fz_wm.l(fpinit.o)
    0x08005744   0x08005744   0x00000004   Code   RO         1567    x$fpl$printf1       fz_wm.l(printf1.o)
    0x08005748   0x08005748   0x00000004   Code   RO         1569    x$fpl$printf2       fz_wm.l(printf2.o)
    0x0800574c   0x0800574c   0x00000000   Code   RO         1575    x$fpl$usenofp       fz_wm.l(usenofp.o)
    0x0800574c   0x0800574c   0x00000008   Data   RO         1473    .constdata          c_w.l(_printf_wctomb.o)
    0x08005754   0x08005754   0x00000028   Data   RO         1502    .constdata          c_w.l(_printf_hex_int_ll_ptr.o)
    0x0800577c   0x0800577c   0x00000011   Data   RO         1522    .constdata          c_w.l(__printf_flags_ss_wp.o)
    0x0800578d   0x0800578d   0x00000026   Data   RO         1635    .constdata          c_w.l(_printf_fp_hex.o)
    0x080057b3   0x080057b3   0x00000001   PAD
    0x080057b4   0x080057b4   0x00000094   Data   RO         1667    .constdata          c_w.l(bigflt0.o)
    0x08005848   0x08005848   0x00000010   Data   RO         1380    .rodata.AHBPrescTable  system_stm32f4xx.o
    0x08005858   0x08005858   0x00000008   Data   RO         1381    .rodata.APBPrescTable  system_stm32f4xx.o
    0x08005860   0x08005860   0x00000103   Data   RO          408    .rodata.OLED_CF16x16  oled_data.o
    0x08005963   0x08005963   0x0000023a   Data   RO          407    .rodata.OLED_F6x8   oled_data.o
    0x08005b9d   0x08005b9d   0x000005f0   Data   RO          406    .rodata.OLED_F8x16  oled_data.o
    0x0800618d   0x0800618d   0x00000003   PAD
    0x08006190   0x08006190   0x00000020   Data   RO         1850    Region$$Table       anon$$obj.o
    0x080061b0   0x080061b0   0x0000001c   Data   RO         1693    locale$$data        c_w.l(lc_numeric_c.o)
    0x080061cc   0x080061cc   0x00000110   Data   RO         1716    locale$$data        c_w.l(lc_ctype_c.o)


    Execution Region RW_IRAM1 (Exec base: 0x20000000, Load base: 0x080062e0, Size: 0x00001b20, Max: 0x0001c000, ABSOLUTE)

    Exec Addr    Load Addr    Size         Type   Attr      Idx    E Section Name        Object

    0x20000000   0x080062e0   0x00000004   Data   RW         1379    .data.SystemCoreClock  system_stm32f4xx.o
    0x20000004   0x080062e4   0x00000001   Data   RW          238    .data.lidar_processing_buffer  lidar.o
    0x20000005   0x080062e5   0x00000001   Data   RW          237    .data.lidar_ready_buffer  lidar.o
    0x20000006   0x080062e6   0x0000000b   Data   RW           29    .data.motor_probe_current_command  main.o
    0x20000011   0x080062f1   0x0000000b   Data   RW           27    .data.motor_work_current_command  main.o
    0x2000001c   0x080062fc   0x0000000b   Data   RW           28    .data.motor_zero_command  main.o
    0x20000027   0x08006307   0x00000001   Data   RW         1217    .data.uwTickFreq    stm32f4xx_hal.o
    0x20000028   0x08006308   0x00000004   Data   RW         1216    .data.uwTickPrio    stm32f4xx_hal.o
    0x2000002c   0x0800630c   0x00000004   PAD
    0x20000030        -       0x00000060   Zero   RW         1653    .bss                c_w.l(libspace.o)
    0x20000090        -       0x00000004   Zero   RW          210    .bss.Machine_SendFrame.last_tx_tick  machine.o
    0x20000094        -       0x00000001   Zero   RW          211    .bss.Machine_SendFrame.tx_started  machine.o
    0x20000095   0x0800630c   0x00000003   PAD
    0x20000098        -       0x00000400   Zero   RW          397    .bss.OLED_DisplayBuf  oled.o
    0x20000498        -       0x00000008   Zero   RW          463    .bss.bluetooth_command_queue  bluetooth.o
    0x200004a0        -       0x00000001   Zero   RW          462    .bss.bluetooth_queue_read_index  bluetooth.o
    0x200004a1        -       0x00000001   Zero   RW          461    .bss.bluetooth_queue_write_index  bluetooth.o
    0x200004a2        -       0x00000001   Zero   RW          460    .bss.bluetooth_rx_command  bluetooth.o
    0x200004a3        -       0x00000001   Zero   RW          459    .bss.bluetooth_rx_state  bluetooth.o
    0x200004a4        -       0x00000004   Zero   RW          228    .bss.car_angle      lidar.o
    0x200004a8        -       0x00000001   Zero   RW          229    .bss.car_angle_valid  lidar.o
    0x200004a9   0x0800630c   0x00000001   PAD
    0x200004aa        -       0x00000002   Zero   RW          230    .bss.car_distance_mm  lidar.o
    0x200004ac        -       0x00000004   Zero   RW          530    .bss.g_fac_us       delay.o
    0x200004b0        -       0x00000048   Zero   RW           78    .bss.htim7          tim.o
    0x200004f8        -       0x00000048   Zero   RW          102    .bss.huart1         usart.o
    0x20000540        -       0x00000048   Zero   RW          103    .bss.huart2         usart.o
    0x20000588        -       0x00000048   Zero   RW          104    .bss.huart3         usart.o
    0x200005d0        -       0x00000048   Zero   RW          101    .bss.huart5         usart.o
    0x20000618        -       0x00000048   Zero   RW          105    .bss.huart6         usart.o
    0x20000660        -       0x0000000b   Zero   RW          278    .bss.jy901_buf      jy901.o
    0x2000066b        -       0x00000001   Zero   RW          277    .bss.jy901_idx      jy901.o
    0x2000066c        -       0x00000004   Zero   RW           33    .bss.lidar_angle_deg  main.o
    0x20000670        -       0x00000001   Zero   RW           32    .bss.lidar_data_valid  main.o
    0x20000671   0x0800630c   0x00000003   PAD
    0x20000674        -       0x00000004   Zero   RW          233    .bss.lidar_error_frame_count  lidar.o
    0x20000678        -       0x0000003a   Zero   RW          241    .bss.lidar_frame    lidar.o
    0x200006b2        -       0x00000001   Zero   RW          234    .bss.lidar_frame_index  lidar.o
    0x200006b3        -       0x00000001   Zero   RW          239    .bss.lidar_have_last_angle  lidar.o
    0x200006b4        -       0x00000002   Zero   RW          242    .bss.lidar_last_angle_cdeg  lidar.o
    0x200006b6        -       0x00000001   Zero   RW          240    .bss.lidar_rx_byte  lidar.o
    0x200006b7   0x0800630c   0x00000001   PAD
    0x200006b8        -       0x00000e14   Zero   RW          235    .bss.lidar_scan     lidar.o
    0x200014cc        -       0x00000002   Zero   RW          231    .bss.lidar_target_point_count  lidar.o
    0x200014ce   0x0800630c   0x00000002   PAD
    0x200014d0        -       0x00000004   Zero   RW          232    .bss.lidar_valid_frame_count  lidar.o
    0x200014d4        -       0x00000001   Zero   RW          236    .bss.lidar_write_buffer  lidar.o
    0x200014d5        -       0x00000001   Zero   RW          206    .bss.machine_feedback_available  machine.o
    0x200014d6   0x0800630c   0x00000002   PAD
    0x200014d8        -       0x00000008   Zero   RW          209    .bss.machine_feedback_latest  machine.o
    0x200014e0        -       0x00000004   Zero   RW          202    .bss.machine_feedback_reject_count  machine.o
    0x200014e4        -       0x00000001   Zero   RW          207    .bss.machine_feedback_rx_byte  machine.o
    0x200014e5        -       0x00000001   Zero   RW          204    .bss.machine_feedback_rx_count  machine.o
    0x200014e6   0x0800630c   0x00000002   PAD
    0x200014e8        -       0x00000009   Zero   RW          208    .bss.machine_feedback_rx_window  machine.o
    0x200014f1   0x0800630c   0x00000003   PAD
    0x200014f4        -       0x00000004   Zero   RW          205    .bss.machine_feedback_sequence  machine.o
    0x200014f8        -       0x00000004   Zero   RW          201    .bss.machine_feedback_valid_frame_count  machine.o
    0x200014fc        -       0x00000004   Zero   RW          203    .bss.machine_uart2_error_count  machine.o
    0x20001500        -       0x00000004   Zero   RW          200    .bss.machine_uart2_rx_byte_count  machine.o
    0x20001504        -       0x00000004   Zero   RW           31    .bss.motor_angle_deg  main.o
    0x20001508        -       0x00000001   Zero   RW           30    .bss.motor_angle_valid  main.o
    0x20001509   0x0800630c   0x00000003   PAD
    0x2000150c        -       0x00000004   Zero   RW           34    .bss.motor_feedback_sequence  main.o
    0x20001510        -       0x00000001   Zero   RW          276    .bss.uart5_rx_byte  jy901.o
    0x20001511        -       0x00000001   Zero   RW          498    .bss.uart6_rx_byte  serial.o
    0x20001512   0x0800630c   0x00000002   PAD
    0x20001514        -       0x00000004   Zero   RW          144    .bss.usart2_irq_count  stm32f4xx_it.o
    0x20001518        -       0x00000004   Zero   RW         1218    .bss.uwTick         stm32f4xx_hal.o
    0x2000151c        -       0x00000004   Zero   RW          275    .bss.yaw            jy901.o
    0x20001520        -       0x00000200   Zero   RW          539    HEAP                startup_stm32f405xx.o
    0x20001720        -       0x00000400   Zero   RW          538    STACK               startup_stm32f405xx.o


    Execution Region RW_IRAM2 (Exec base: 0x2001c000, Load base: 0x08006310, Size: 0x00000000, Max: 0x00004000, ABSOLUTE)

    **** No section assigned to this execution region ****


==============================================================================

Image component sizes


      Code (inc. data)   RO Data    RW Data    ZI Data      Debug   Object Name

       262          0          0          0         12       1952   bluetooth.o
       102          0          0          0          4       3011   delay.o
       326          0          0          0          0       2329   gpio.o
       232          8          0          0         17       5054   jy901.o
      2474          4          0          2       3685      13845   lidar.o
      1128          8          0          0         45      19481   machine.o
       908         68          0         33         14       6815   main.o
      2236          0          0          0       1024      42622   oled.o
         0          0       2349          0          0        795   oled_data.o
       292          0          0          0          1       8171   serial.o
        64         26        392          0       1536        824   startup_stm32f405xx.o
       212          0          0          5          4       7268   stm32f4xx_hal.o
       196          0          0          0          0      10688   stm32f4xx_hal_cortex.o
       168          0          0          0          0      10323   stm32f4xx_hal_dma.o
       424          0          0          0          0       5434   stm32f4xx_hal_gpio.o
        56          0          0          0          0       1469   stm32f4xx_hal_msp.o
      1426          4          0          0          0       7575   stm32f4xx_hal_rcc.o
       340          0          0          0          0      56650   stm32f4xx_hal_tim.o
         4          0          0          0          0      21520   stm32f4xx_hal_tim_ex.o
      2658          0          0          0          0      30069   stm32f4xx_hal_uart.o
       106          0          0          0          4       6211   stm32f4xx_it.o
        18          0         24          4          0       2602   system_stm32f4xx.o
         0          0          0          0         72      10967   tim.o
       826          0          0          0        360       8164   usart.o

    ----------------------------------------------------------------------
     14556        118       2800         44       6804     283839   Object Totals
         0          0         32          0          0          0   (incl. Generated)
        98          0          3          0         26          0   (incl. Padding)

    ----------------------------------------------------------------------

      Code (inc. data)   RO Data    RW Data    ZI Data      Debug   Library Member Name

         8          0          0          0          0         68   __main.o
       392          4         17          0          0         92   __printf_flags_ss_wp.o
        14          0          0          0          0         68   __printf_wp.o
         0          0          0          0          0          0   __rtentry.o
        12          0          0          0          0          0   __rtentry2.o
         6          0          0          0          0          0   __rtentry4.o
        94          8          0          0          0          0   __scatter.o
        26          0          0          0          0          0   __scatter_copy.o
        28          0          0          0          0          0   __scatter_zi.o
        72          0          0          0          0         96   _c16rtomb.o
         6          0          0          0          0          0   _printf_a.o
         6          0          0          0          0          0   _printf_c.o
        44          0          0          0          0        108   _printf_char.o
        48          6          0          0          0         96   _printf_char_common.o
        40          0          0          0          0         68   _printf_charcount.o
         6          0          0          0          0          0   _printf_d.o
       120         16          0          0          0         92   _printf_dec.o
         6          0          0          0          0          0   _printf_e.o
         6          0          0          0          0          0   _printf_f.o
      1052          0          0          0          0        148   _printf_fp_dec.o
       764          8         38          0          0        100   _printf_fp_hex.o
       128         16          0          0          0         84   _printf_fp_infnan.o
         6          0          0          0          0          0   _printf_g.o
       148          4         40          0          0        160   _printf_hex_int_ll_ptr.o
         6          0          0          0          0          0   _printf_i.o
       178          0          0          0          0         88   _printf_intcommon.o
        10          0          0          0          0          0   _printf_l.o
         6          0          0          0          0          0   _printf_lc.o
        10          0          0          0          0          0   _printf_ll.o
         6          0          0          0          0          0   _printf_lld.o
         6          0          0          0          0          0   _printf_lli.o
         6          0          0          0          0          0   _printf_llo.o
         6          0          0          0          0          0   _printf_llu.o
         6          0          0          0          0          0   _printf_llx.o
       124         16          0          0          0         92   _printf_longlong_dec.o
         6          0          0          0          0          0   _printf_ls.o
         6          0          0          0          0          0   _printf_n.o
         6          0          0          0          0          0   _printf_o.o
       112          8          0          0          0        124   _printf_oct_int_ll.o
         6          0          0          0          0          0   _printf_p.o
        78          0          0          0          0        108   _printf_pad.o
         0          0          0          0          0          0   _printf_percent.o
         4          0          0          0          0          0   _printf_percent_end.o
         6          0          0          0          0          0   _printf_s.o
        82          0          0          0          0         80   _printf_str.o
        36          0          0          0          0         84   _printf_truncate.o
         6          0          0          0          0          0   _printf_u.o
        44          0          0          0          0        108   _printf_wchar.o
       188          6          8          0          0         92   _printf_wctomb.o
         6          0          0          0          0          0   _printf_x.o
        10          0          0          0          0         68   _sputc.o
       228          4        148          0          0         96   bigflt0.o
      1936        128          0          0          0        668   btod.o
        18          0          0          0          0         80   exit.o
         6          0          0          0          0        152   heapauxi.o
         0          0          0          0          0          0   indicate_semi.o
        44         10        272          0          0         76   lc_ctype_c.o
        44         10         28          0          0         76   lc_numeric_c.o
         2          0          0          0          0          0   libinit.o
        34          0          0          0          0          0   libinit2.o
         2          0          0          0          0          0   libshutdown.o
         2          0          0          0          0          0   libshutdown2.o
         8          4          0          0         96         68   libspace.o
       138          0          0          0          0         80   lludiv10.o
       240          0          0          0          0        100   lludivv7m.o
        16          4          0          0          0         76   rt_ctype_table.o
         8          4          0          0          0         68   rt_locale_intlibspace.o
        78          0          0          0          0         80   rt_memclr_w.o
         2          0          0          0          0          0   rtexit.o
        10          0          0          0          0          0   rtexit2.o
       124          0          0          0          0         88   strcmpv7em.o
        12          4          0          0          0         68   sys_exit.o
        74          0          0          0          0         80   sys_stackheap_outer.o
         2          0          0          0          0         68   use_no_semi.o
        36          4          0          0          0         76   vsprintf.o
        12          0          0          0          0        116   dretinf.o
        86          4          0          0          0        132   f2d.o
       140          4          0          0          0        132   fnaninf.o
        26          0          0          0          0        116   fpinit.o
         4          0          0          0          0        116   printf1.o
         4          0          0          0          0        116   printf2.o
         0          0          0          0          0          0   usenofp.o
        48          0          0          0          0        124   fpclassify.o

    ----------------------------------------------------------------------
      7400        272        552          0         96       4876   Library Totals
        24          0          1          0          0          0   (incl. Padding)

    ----------------------------------------------------------------------

      Code (inc. data)   RO Data    RW Data    ZI Data      Debug   Library Name

      7056        264        551          0         96       4024   c_w.l
       272          8          0          0          0        728   fz_wm.l
        48          0          0          0          0        124   m_wm.l

    ----------------------------------------------------------------------
      7400        272        552          0         96       4876   Library Totals

    ----------------------------------------------------------------------

==============================================================================


      Code (inc. data)   RO Data    RW Data    ZI Data      Debug   

     21956        390       3352         44       6900     285751   Grand Totals
     21956        390       3352         44       6900     285751   ELF Image Totals
     21956        390       3352         44          0          0   ROM Totals

==============================================================================

    Total RO  Size (Code + RO Data)                25308 (  24.71kB)
    Total RW  Size (RW Data + ZI Data)              6944 (   6.78kB)
    Total ROM Size (Code + RO Data + RW Data)      25352 (  24.76kB)

==============================================================================

